Using bundled DotNet SDK version: 10.0 win-x64
UnrealBuildTool is up-to-date
Running UnrealBuildTool: dotnet "..\..\Engine\Binaries\DotNET\UnrealBuildTool\UnrealBuildTool.dll" MMORPGClient Win64 Development -Project=F:/UE/LyraDocLabs/MMORPG/MMORPG.uproject -WaitMutex -NoHotReloadFromIDE -MaxParallelActions=3 -NoUBA
Log file: E:\UnrealEngine\Engine\Programs\UnrealBuildTool\Log.txt
Executing up to 3 actions based on MaxProcessorCount override
Using 'git status' to determine working set for adaptive non-unity build (E:\UnrealEngine).
UbaSessionServer - Disable remote execution (remote sessions will finish current processes)
Invalidating makefile for MMORPGClient (source file added)
UHT compiled-in object format Default
Building MMORPGClient...
===== Toolchain Information =====
Using ISPC compiler (E:\UnrealEngine\Engine\Source\ThirdParty\Intel\ISPC\bin\Windows\ispc.exe)
  Intel(r) Implicit SPMD Program Compiler (Intel(r) ISPC), 1.24.0 (build commit  @ 20250404, LLVM 18.1.2) 
Using Visual Studio 14.50.35737 toolchain (D:\program\0-editer\vs\VC\Tools\MSVC\14.50.35717) and Windows 10.0.22621.0 SDK (C:\Program Files (x86)\Windows Kits\10).
=================================
Using Unreal Build Accelerator local executor to run 15 action(s)
  CPU 6 physical cores, 12 logical cores
  Memory 31.82 GB physical, 31.91 GB/49.82 GB committed
  UBA Storage capacity 40 GB
[1/15] Compile [x64] Module.MMOCore.cpp [NoUba]
[2/15] Compile [x64] MMOAbilityInputValidation.cpp [NoUba]
[3/15] Compile [x64] Module.MMOFramework.cpp [NoUba]
[4/15] Compile [x64] MMOAnimationValidation.cpp [NoUba]
[5/15] Compile [x64] MMOExperienceGameplay.cpp [NoUba]
[6/15] Compile [x64] MMODeathValidation.cpp [NoUba]
[7/15] Compile [x64] MMOHealthComponent.cpp [NoUba]
[8/15] Compile [x64] MMOInputGameplay.cpp [NoUba]
[9/15] Compile [x64] MMOGameplay.cpp [NoUba]
[10/15] Compile [x64] MMOLocalizationValidation.cpp [NoUba]
[11/15] Compile [x64] MMORespawnGameplay.cpp [NoUba]
[12/15] Compile [x64] MMOUI.cpp [NoUba]
[13/15] Compile [x64] Module.MMORPG.gen.cpp [NoUba]
[14/15] Link [x64] MMORPGClient.exe [NoUba]
  ￦ﾭﾣ￥ﾜﾨ￥ﾈﾛ￥ﾻﾺ￥ﾺﾓ F:\UE\LyraDocLabs\MMORPG\Binaries\Win64\MMORPGClient.lib ￥ﾒﾌ￥ﾯﾹ￨ﾱﾡ F:\UE\LyraDocLabs\MMORPG\Binaries\Win64\MMORPGClient.exp
[15/15] WriteMetadata MMORPGClient.target [NoUba]

Total time in Unreal Build Accelerator local executor: 71.55 seconds
Output binary: F:\UE\LyraDocLabs\MMORPG\Binaries\Win64\MMORPGClient.exe

Result: Succeeded
Total execution time: 76.23 seconds
Trace written to file E:\UnrealEngine\Engine\Programs\UnrealBuildTool\Trace.uba with size 12.3kb
