Using bundled DotNet SDK version: 10.0 win-x64
UnrealBuildTool is up-to-date
Running UnrealBuildTool: dotnet "..\..\Engine\Binaries\DotNET\UnrealBuildTool\UnrealBuildTool.dll" MMORPGServer Win64 Development -Project=F:/UE/LyraDocLabs/MMORPG/MMORPG.uproject -WaitMutex -NoHotReloadFromIDE -MaxParallelActions=3 -NoUBA
Log file: E:\UnrealEngine\Engine\Programs\UnrealBuildTool\Log.txt
Executing up to 3 actions based on MaxProcessorCount override
Using 'git status' to determine working set for adaptive non-unity build (E:\UnrealEngine).
UbaSessionServer - Disable remote execution (remote sessions will finish current processes)
Creating makefile for MMORPGServer (no existing makefile)
UHT compiled-in object format Default
UHT processed MMORPGServer in 7.063091 seconds (12901 generated files written)
Building MMORPGServer...
===== Toolchain Information =====
Using ISPC compiler (E:\UnrealEngine\Engine\Source\ThirdParty\Intel\ISPC\bin\Windows\ispc.exe)
  Intel(r) Implicit SPMD Program Compiler (Intel(r) ISPC), 1.24.0 (build commit  @ 20250404, LLVM 18.1.2) 
Using Visual Studio 14.50.35737 toolchain (D:\program\0-editer\vs\VC\Tools\MSVC\14.50.35717) and Windows 10.0.22621.0 SDK (C:\Program Files (x86)\Windows Kits\10).
=================================
Using Unreal Build Accelerator local executor to run 1018 action(s)
  CPU 6 physical cores, 12 logical cores
  Memory 31.82 GB physical, 31.28 GB/49.82 GB committed
  UBA Storage capacity 40 GB
[1/1018] Compile [x64] PCH.ResonanceAudio.cpp [NoUba]
[2/1018] Compile [x64] SharedPCH.CoreUObject.Cpp20.cpp [NoUba]
[3/1018] Compile [x64] SharedPCH.Core.Cpp20.cpp [NoUba]
[4/1018] Compile [x64] SharedPCH.Slate.Cpp20.cpp [NoUba]
[5/1018] Compile [x64] PCH.Core.cpp [NoUba]
[6/1018] Compile [x64] PCH.Engine.cpp [NoUba]
[7/1018] Compile [x64] SharedPCH.Engine.Cpp20.cpp [NoUba]
[8/1018] Compile [x64] SharedPCH.Core.Exceptions.Cpp20.cpp [NoUba]
[9/1018] Compile [x64] PCH.CoreUObject.cpp [NoUba]
[10/1018] Compile [x64] SharedPCH.Core.Project.ValApi.ValExpApi.Cpp20.cpp [NoUba]
[11/1018] Generate Header [x86-64] AnimEncoding_ConstantKeyLerp.ispc [NoUba]
[12/1018] Copy [x86-64] AnimEncoding_ConstantKeyLerp.ispc.generated.h [NoUba]
[13/1018] Generate Header [x86-64] AnimEncoding_PerTrackCompression.ispc [NoUba]
[14/1018] Copy [x86-64] AnimEncoding_PerTrackCompression.ispc.generated.h [NoUba]
[15/1018] Generate Header [x86-64] AnimEncoding_VariableKeyLerp.ispc [NoUba]
[16/1018] Copy [x86-64] AnimEncoding_VariableKeyLerp.ispc.generated.h [NoUba]
[17/1018] Compile [x64] SharedPCH.Engine.Project.ValApi.ValExpApi.Cpp20.cpp [NoUba]
[18/1018] Generate Header [x86-64] AnimationRuntime.ispc [NoUba]
[19/1018] Copy [x86-64] AnimationRuntime.ispc.generated.h [NoUba]
[20/1018] Generate Header [x86-64] GPUSkinVertexFactory.ispc [NoUba]
[21/1018] Copy [x86-64] GPUSkinVertexFactory.ispc.generated.h [NoUba]
[22/1018] Generate Header [x86-64] BonePose.ispc [NoUba]
[23/1018] Copy [x86-64] BonePose.ispc.generated.h [NoUba]
[24/1018] Generate Header [x86-64] SkinnedAsset.ispc [NoUba]
[25/1018] Copy [x86-64] SkinnedAsset.ispc.generated.h [NoUba]
[26/1018] Generate Header [x86-64] KAggregateGeom.ispc [NoUba]
[27/1018] Copy [x86-64] KAggregateGeom.ispc.generated.h [NoUba]
[28/1018] Generate Header [x86-64] PBDAxialSpringConstraints.ispc [NoUba]
[29/1018] Copy [x86-64] PBDAxialSpringConstraints.ispc.generated.h [NoUba]
[30/1018] Generate Header [x86-64] PBDBendingConstraints.ispc [NoUba]
[31/1018] Copy [x86-64] PBDBendingConstraints.ispc.generated.h [NoUba]
[32/1018] Generate Header [x86-64] PBDCollisionSolver.ispc [NoUba]
[33/1018] Copy [x86-64] PBDCollisionSolver.ispc.generated.h [NoUba]
[34/1018] Compile [x64] SharedPCH.Engine.RTTI.Exceptions.Cpp20.cpp [NoUba]
[35/1018] Generate Header [x86-64] PBDEvolution.ispc [NoUba]
[36/1018] Copy [x86-64] PBDEvolution.ispc.generated.h [NoUba]
[37/1018] Generate Header [x86-64] PBDCollisionConstraints.ispc [NoUba]
[38/1018] Copy [x86-64] PBDCollisionConstraints.ispc.generated.h [NoUba]
[39/1018] Generate Header [x86-64] PBDLongRangeConstraints.ispc [NoUba]
[40/1018] Copy [x86-64] PBDLongRangeConstraints.ispc.generated.h [NoUba]
[41/1018] Generate Header [x86-64] PBDJointSolverGaussSeidel.ispc [NoUba]
[42/1018] Copy [x86-64] PBDJointSolverGaussSeidel.ispc.generated.h [NoUba]
[43/1018] Generate Header [x86-64] PBDPlanarConstraints.ispc [NoUba]
[44/1018] Copy [x86-64] PBDPlanarConstraints.ispc.generated.h [NoUba]
[45/1018] Generate Header [x86-64] PBDMinEvolution.ispc [NoUba]
[46/1018] Copy [x86-64] PBDMinEvolution.ispc.generated.h [NoUba]
[47/1018] Generate Header [x86-64] PBDSoftBodyCollisionConstraint_Complex.ispc [NoUba]
[48/1018] Copy [x86-64] PBDSoftBodyCollisionConstraint_Complex.ispc.generated.h [NoUba]
[49/1018] Generate Header [x86-64] PBDSphericalConstraint.ispc [NoUba]
[50/1018] Copy [x86-64] PBDSphericalConstraint.ispc.generated.h [NoUba]
[51/1018] Generate Header [x86-64] PBDKinematicTriangleMeshCollisions.ispc [NoUba]
[52/1018] Copy [x86-64] PBDKinematicTriangleMeshCollisions.ispc.generated.h [NoUba]
[53/1018] Generate Header [x86-64] PBDSpringConstraints.ispc [NoUba]
[54/1018] Copy [x86-64] PBDSpringConstraints.ispc.generated.h [NoUba]
[55/1018] Generate Header [x86-64] PerParticleDampVelocity.ispc [NoUba]
[56/1018] Copy [x86-64] PerParticleDampVelocity.ispc.generated.h [NoUba]
[57/1018] Generate Header [x86-64] PerParticlePBDCollisionConstraintISPCDataVerification.ispc [NoUba]
[58/1018] Copy [x86-64] PerParticlePBDCollisionConstraintISPCDataVerification.ispc.generated.h [NoUba]
[59/1018] Generate Header [x86-64] SoftsMultiResConstraints.ispc [NoUba]
[60/1018] Copy [x86-64] SoftsMultiResConstraints.ispc.generated.h [NoUba]
[61/1018] Generate Header [x86-64] PerParticlePBDCollisionConstraint.ispc [NoUba]
[62/1018] Copy [x86-64] PerParticlePBDCollisionConstraint.ispc.generated.h [NoUba]
[63/1018] Generate Header [x86-64] TriangleMesh.ispc [NoUba]
[64/1018] Copy [x86-64] TriangleMesh.ispc.generated.h [NoUba]
[65/1018] Generate Header [x86-64] PBDSoftBodyCollisionConstraint_Simple.ispc [NoUba]
[66/1018] Copy [x86-64] PBDSoftBodyCollisionConstraint_Simple.ispc.generated.h [NoUba]
[67/1018] Generate Header [x86-64] VelocityField.ispc [NoUba]
[68/1018] Copy [x86-64] VelocityField.ispc.generated.h [NoUba]
[69/1018] Generate Header [x86-64] XPBDAnisotropicBendingConstraints.ispc [NoUba]
[70/1018] Copy [x86-64] XPBDAnisotropicBendingConstraints.ispc.generated.h [NoUba]
[71/1018] Generate Header [x86-64] XPBDAnisotropicSpringConstraints.ispc [NoUba]
[72/1018] Copy [x86-64] XPBDAnisotropicSpringConstraints.ispc.generated.h [NoUba]
[73/1018] Generate Header [x86-64] XPBDBendingConstraints.ispc [NoUba]
[74/1018] Copy [x86-64] XPBDBendingConstraints.ispc.generated.h [NoUba]
[75/1018] Generate Header [x86-64] XPBDEmbeddedSpringConstraints.ispc [NoUba]
[76/1018] Copy [x86-64] XPBDEmbeddedSpringConstraints.ispc.generated.h [NoUba]
[77/1018] Generate Header [x86-64] NiagaraDataInterfaceVectorField.ispc [NoUba]
[78/1018] Copy [x86-64] NiagaraDataInterfaceVectorField.ispc.generated.h [NoUba]
[79/1018] Generate Header [x86-64] XPBDSpringConstraints.ispc [NoUba]
[80/1018] Copy [x86-64] XPBDSpringConstraints.ispc.generated.h [NoUba]
[81/1018] Generate Header [x86-64] FloatArrayMath.ispc [NoUba]
[82/1018] Copy [x86-64] FloatArrayMath.ispc.generated.h [NoUba]
[83/1018] Generate Header [x86-64] ConvertRotationSpace.ispc [NoUba]
[84/1018] Copy [x86-64] ConvertRotationSpace.ispc.generated.h [NoUba]
[85/1018] Generate Header [x86-64] XPBDStretchBiasElementConstraints.ispc [NoUba]
[86/1018] Copy [x86-64] XPBDStretchBiasElementConstraints.ispc.generated.h [NoUba]
[87/1018] Generate Header [x86-64] ChaosClothingSimulation.ispc [NoUba]
[88/1018] Copy [x86-64] ChaosClothingSimulation.ispc.generated.h [NoUba]
[89/1018] Generate Header [x86-64] ChaosClothingSimulationMesh.ispc [NoUba]
[90/1018] Copy [x86-64] ChaosClothingSimulationMesh.ispc.generated.h [NoUba]
[91/1018] Generate Header [x86-64] DeadBlending.ispc [NoUba]
[92/1018] Copy [x86-64] DeadBlending.ispc.generated.h [NoUba]
[93/1018] Generate Header [x86-64] AABB.ispc [NoUba]
[94/1018] Copy [x86-64] AABB.ispc.generated.h [NoUba]
[95/1018] Generate Header [x86-64] GeometryCacheSceneProxy.ispc [NoUba]
[96/1018] Copy [x86-64] GeometryCacheSceneProxy.ispc.generated.h [NoUba]
[97/1018] Generate Header [x86-64] GeometryCollectionSceneProxy.ispc [NoUba]
[98/1018] Copy [x86-64] GeometryCollectionSceneProxy.ispc.generated.h [NoUba]
[99/1018] Copy MMORPGServer-Default.rc2 [NoUba]
[100/1018] Generate Header [x86-64] GeometryCollectionComponent.ispc [NoUba]
[101/1018] Copy [x86-64] GeometryCollectionComponent.ispc.generated.h [NoUba]
[102/1018] Copy acl.natvis [NoUba]
[103/1018] Copy rtm.natvis [NoUba]
[104/1018] Copy AIModule.natvis [NoUba]
[105/1018] Generate Header [x86-64] ChaosClothingSimulationSolver.ispc [NoUba]
[106/1018] Copy [x86-64] ChaosClothingSimulationSolver.ispc.generated.h [NoUba]
[107/1018] Compile [x64] Module.ACLPlugin.cpp [NoUba]
[108/1018] Compile [x64] Module.AIModule.1.cpp [NoUba]
[109/1018] Compile [x64] Module.AIModule.2.cpp [NoUba]
[110/1018] Compile [x64] Module.AISupportModule.cpp [NoUba]
[111/1018] Compile [x64] Module.AIModule.3.cpp [NoUba]
[112/1018] Compile [x64] Module.AVIWriter.cpp [NoUba]
[113/1018] Compile [x64] Module.ActorLayerUtilities.cpp [NoUba]
[114/1018] Compile [x64] Module.AIModule.4.cpp [NoUba]
[115/1018] Compile [x64] Module.AITestSuite.cpp [NoUba]
[116/1018] Compile [x64] Module.AdpcmAudioDecoder.cpp [NoUba]
[117/1018] Compile [x64] Module.Advertising.cpp [NoUba]
[118/1018] Compile [x64] Module.AnalyticsCSV.cpp [NoUba]
[119/1018] Compile [x64] Module.ActorSequence.cpp [NoUba]
[120/1018] Compile [x64] Module.AnalyticsHorde.cpp [NoUba]
[121/1018] Compile [x64] Module.AnalyticsET.cpp [NoUba]
[122/1018] Compile [x64] Module.AnalyticsLog.cpp [NoUba]
[123/1018] Compile [x64] Module.Analytics.cpp [NoUba]
[124/1018] Compile [x64] Module.AndroidFileServer.cpp [NoUba]
[125/1018] Compile [x64] Module.AndroidPermission.cpp [NoUba]
[126/1018] Compile [x64] Module.AnimationCore.cpp [NoUba]
[127/1018] Compile [x64] Module.AdvancedWidgets.cpp [NoUba]
[128/1018] Compile [x64] Module.AnimationSharing.cpp [NoUba]
[129/1018] Compile [x64] Module.AppFramework.2.cpp [NoUba]
[130/1018] Compile [x64] Module.AppFramework.1.cpp [NoUba]
[131/1018] Compile [x64] Module.AppleImageUtils.cpp [NoUba]
[132/1018] Compile [x64] Module.AppFramework.3.cpp [NoUba]
[133/1018] Compile [x64] Module.AnimGraphRuntime.cpp [NoUba]
[134/1018] Compile [x64] Module.ApvMedia.cpp [NoUba]
[135/1018] Copy AssetRegistry.natvis [NoUba]
[136/1018] Compile [x64] Module.ArchVisCharacter.cpp [NoUba]
[137/1018] Compile [x64] Module.ApplicationCore.cpp [NoUba]
[138/1018] Compile [x64] Module.AssetRegistry.1.cpp [NoUba]
[139/1018] Compile [x64] Module.AssetRegistry.3.cpp [NoUba]
[140/1018] Compile [x64] Module.AssetTags.cpp [NoUba]
[141/1018] Compile [x64] Module.AudioAnalyzer.cpp [NoUba]
[142/1018] Compile [x64] Module.AssetRegistry.4.cpp [NoUba]
[143/1018] Compile [x64] Module.AssetRegistry.2.cpp [NoUba]
[144/1018] Compile [x64] Module.AudioCaptureCore.cpp [NoUba]
[145/1018] Compile [x64] Module.AudioCaptureWasapi.cpp [NoUba]
[146/1018] Compile [x64] Module.AudioCaptureRtAudio.cpp [NoUba]
[147/1018] Compile [x64] Module.AudioExtensions.cpp [NoUba]
[148/1018] Compile [x64] Module.AudioChannelAgnosticCore.cpp [NoUba]
[149/1018] Compile [x64] Module.AudioLinkCore.cpp [NoUba]
[150/1018] Compile [x64] Module.AudioCapture.cpp [NoUba]
[151/1018] Compile [x64] Module.AudioMixerCore.cpp [NoUba]
[152/1018] Compile [x64] Module.AudioInsightsRuntime.cpp [NoUba]
[153/1018] Compile [x64] Module.AudioLinkEngine.cpp [NoUba]
[154/1018] Compile [x64] Module.AudioMixer.2.cpp [NoUba]
[155/1018] Compile [x64] Module.AudioPlatformConfiguration.cpp [NoUba]
[156/1018] Compile [x64] Module.AudioMixer.1.cpp [NoUba]
[157/1018] Compile [x64] Module.AudioPlatformSupportWasapi.cpp [NoUba]
[158/1018] Compile [x64] Module.AudioSynesthesiaCore.cpp [NoUba]
[159/1018] Compile [x64] Module.AudioMixer.3.cpp [NoUba]
[160/1018] Compile [x64] Module.AudioSynesthesia.cpp [NoUba]
[161/1018] Copy AutoRTFM.natvis [NoUba]
[162/1018] Compile [x64] Module.AutoRTFM.cpp [NoUba]
[163/1018] Compile [x64] Module.AudioWidgetsCore.cpp [NoUba]
[164/1018] Compile [x64] Module.AutomationMessages.cpp [NoUba]
[165/1018] Compile [x64] Module.AutomationController.cpp [NoUba]
[166/1018] Compile [x64] Module.AutomationTest.cpp [NoUba]
[167/1018] Compile [x64] Module.AutomationUtils.cpp [NoUba]
[168/1018] Compile [x64] Module.AutomationWorker.cpp [NoUba]
[169/1018] Compile [x64] Module.AvfMediaFactory.cpp [NoUba]
[170/1018] Compile [x64] Module.BackChannel.cpp [NoUba]
[171/1018] Compile [x64] Module.BandwidthDebugDelegates.cpp [NoUba]
[172/1018] Compile [x64] Module.BandwidthMeasurementTool.cpp [NoUba]
[173/1018] Compile [x64] Module.BinkAudioDecoder.cpp [NoUba]
[174/1018] Compile [x64] Module.AudioWidgets.cpp [NoUba]
[175/1018] Compile [x64] Module.BuildPatchServices.1.cpp [NoUba]
[176/1018] Compile [x64] Module.BuildPatchServices.2.cpp [NoUba]
[177/1018] Compile [x64] Module.BuildSettings.cpp [NoUba]
[178/1018] Compile [x64] Module.BuildPatchServices.3.cpp [NoUba]
[179/1018] Compile [x64] Module.CableComponent.cpp [NoUba]
[180/1018] Compile [x64] Module.Cbor.cpp [NoUba]
[181/1018] Compile [x64] Module.BuildPatchServices.4.cpp [NoUba]
[182/1018] Compile [x86-64] ChaosClothingSimulation.ispc [NoUba]
[183/1018] Compile [x86-64] ChaosClothingSimulationMesh.ispc [NoUba]
[184/1018] Compile [x64] Module.Buoyancy.cpp [NoUba]
[185/1018] Compile [x86-64] ChaosClothingSimulationSolver.ispc [NoUba]
[186/1018] Compile [x86-64] AABB.ispc [NoUba]
[187/1018] Compile [x64] Module.ChaosCore.cpp [NoUba]
[188/1018] Compile [x64] Module.ChaosCaching.cpp [NoUba]
[189/1018] Compile [x64] Module.ChaosNiagara.cpp [NoUba]
[190/1018] Compile [x64] Module.ChaosUserDataPT.cpp [NoUba]
[191/1018] Compile [x64] Module.ChaosCloth.cpp [NoUba]
[192/1018] Compile [x64] Module.ChaosVDRuntime.cpp [NoUba]
[193/1018] Compile [x64] Module.ChaosVDBlueprint.cpp [NoUba]
[194/1018] Compile [x64] Module.ChaosSolverEngine.cpp [NoUba]
[195/1018] Compile [x64] Module.Chaos.1.cpp [NoUba]
[196/1018] Compile [x64] Module.Chaos.11.cpp [NoUba]
[197/1018] Compile [x64] Module.Chaos.12.cpp [NoUba]
[198/1018] Compile [x64] Module.Chaos.10.cpp [NoUba]
[199/1018] Compile [x64] Module.Chaos.13.cpp [NoUba]
[200/1018] Compile [x64] Module.Chaos.14.cpp [NoUba]
[201/1018] Compile [x64] Module.Chaos.15.cpp [NoUba]
[202/1018] Compile [x64] Module.Chaos.16.cpp [NoUba]
[203/1018] Compile [x64] Module.Chaos.17.cpp [NoUba]
[204/1018] Compile [x64] Module.Chaos.18.cpp [NoUba]
[205/1018] Compile [x64] Module.Chaos.2.cpp [NoUba]
[206/1018] Compile [x64] Module.Chaos.19.cpp [NoUba]
[207/1018] Compile [x64] Module.Chaos.20.cpp [NoUba]
[208/1018] Compile [x64] Module.Chaos.21.cpp [NoUba]
[209/1018] Compile [x64] Module.Chaos.22.cpp [NoUba]
[210/1018] Compile [x64] Module.Chaos.23.cpp [NoUba]
[211/1018] Compile [x64] Module.Chaos.24.cpp [NoUba]
[212/1018] Compile [x64] Module.Chaos.26.cpp [NoUba]
[213/1018] Compile [x64] Module.Chaos.25.cpp [NoUba]
[214/1018] Compile [x64] Module.Chaos.27.cpp [NoUba]
[215/1018] Compile [x64] Module.Chaos.28.cpp [NoUba]
[216/1018] Compile [x64] Module.Chaos.3.cpp [NoUba]
[217/1018] Compile [x64] Module.Chaos.4.cpp [NoUba]
[218/1018] Compile [x64] Module.Chaos.6.cpp [NoUba]
[219/1018] Compile [x64] Module.Chaos.5.cpp [NoUba]
[220/1018] Compile [x64] Module.Chaos.7.cpp [NoUba]
[221/1018] Compile [x86-64] PBDAxialSpringConstraints.ispc [NoUba]
[222/1018] Compile [x64] Module.Chaos.8.cpp [NoUba]
[223/1018] Compile [x64] Module.Chaos.9.cpp [NoUba]
[224/1018] Compile [x86-64] PBDBendingConstraints.ispc [NoUba]
[225/1018] Compile [x86-64] PBDCollisionSolver.ispc [NoUba]
[226/1018] Compile [x86-64] PBDEvolution.ispc [NoUba]
[227/1018] Compile [x86-64] PBDJointSolverGaussSeidel.ispc [NoUba]
[228/1018] Compile [x86-64] PBDCollisionConstraints.ispc [NoUba]
[229/1018] Compile [x86-64] PBDLongRangeConstraints.ispc [NoUba]
[230/1018] Compile [x86-64] PBDMinEvolution.ispc [NoUba]
[231/1018] Compile [x86-64] PBDPlanarConstraints.ispc [NoUba]
[232/1018] Compile [x86-64] PBDSoftBodyCollisionConstraint_Complex.ispc [NoUba]
[233/1018] Compile [x86-64] PBDKinematicTriangleMeshCollisions.ispc [NoUba]
[234/1018] Compile [x86-64] PBDSpringConstraints.ispc [NoUba]
[235/1018] Compile [x86-64] PBDSphericalConstraint.ispc [NoUba]
[236/1018] Compile [x86-64] PerParticleDampVelocity.ispc [NoUba]
[237/1018] Compile [x86-64] PerParticlePBDCollisionConstraintISPCDataVerification.ispc [NoUba]
[238/1018] Compile [x86-64] SoftsMultiResConstraints.ispc [NoUba]
[239/1018] Compile [x86-64] TriangleMesh.ispc [NoUba]
[240/1018] Compile [x86-64] PerParticlePBDCollisionConstraint.ispc [NoUba]
[241/1018] Compile [x86-64] VelocityField.ispc [NoUba]
[242/1018] Compile [x86-64] XPBDAnisotropicBendingConstraints.ispc [NoUba]
[243/1018] Compile [x86-64] XPBDAnisotropicSpringConstraints.ispc [NoUba]
[244/1018] Compile [x86-64] PBDSoftBodyCollisionConstraint_Simple.ispc [NoUba]
[245/1018] Compile [x86-64] XPBDSpringConstraints.ispc [NoUba]
[246/1018] Compile [x86-64] XPBDBendingConstraints.ispc [NoUba]
[247/1018] Compile [x86-64] XPBDEmbeddedSpringConstraints.ispc [NoUba]
[248/1018] Compile [x64] Module.CharacterAI.cpp [NoUba]
[249/1018] Compile [x64] Module.ChunkDownloader.cpp [NoUba]
[250/1018] Compile [x86-64] XPBDStretchBiasElementConstraints.ispc [NoUba]
[251/1018] Compile [x64] Module.CinematicCamera.cpp [NoUba]
[252/1018] Compile [x64] Module.ClothingSystemRuntimeNv.cpp [NoUba]
[253/1018] Compile [x64] Module.ClothingSystemRuntimeCommon.cpp [NoUba]
[254/1018] Compile [x64] Module.ClothSysRuntimeIntrfc.cpp [NoUba]
[255/1018] Compile [x64] Module.CommonInput.cpp [NoUba]
[256/1018] Compile [x64] Module.CommonGame.cpp [NoUba]
[257/1018] Compile [x64] Module.CommonUser.cpp [NoUba]
[258/1018] Compile [x64] Module.CompositeCore.cpp [NoUba]
[259/1018] Compile [x64] Module.ComputeDataInterface.cpp [NoUba]
[260/1018] Compile [x64] Module.ConsoleVariablesEditorRuntime.cpp [NoUba]
[261/1018] Compile [x64] Module.ComputeFramework.cpp [NoUba]
[262/1018] Compile [x64] Module.CommonUI.cpp [NoUba]
[263/1018] Compile [x64] Module.Constraints.cpp [NoUba]
[264/1018] Compile [x64] Module.ControlRigSpline.cpp [NoUba]
[265/1018] Compile [x64] Module.ControlRigPhysics.cpp [NoUba]
[266/1018] Compile [x64] Module.ControlRig.2.cpp [NoUba]
[267/1018] Compile [x64] Module.ControlRig.1.cpp [NoUba]
[268/1018] Compile [x64] Module.ControlRig.5.cpp [NoUba]
[269/1018] Compile [x64] Module.CookOnTheFly.cpp [NoUba]
[270/1018] Compile [x64] Module.CoreOnline.cpp [NoUba]
[271/1018] Compile [x64] Module.CorePreciseFP.cpp [NoUba]
[272/1018] Compile [x64] Module.CoreUObject.1.cpp [NoUba]
[273/1018] Compile [x64] Module.CoreUObject.10.cpp [NoUba]
[274/1018] Compile [x64] Module.ControlRig.3.cpp [NoUba]
[275/1018] Compile [x64] Module.CoreUObject.11.cpp [NoUba]
[276/1018] Compile [x64] Module.CoreUObject.12.cpp [NoUba]
[277/1018] Compile [x64] Module.ControlRig.4.cpp [NoUba]
[278/1018] Compile [x64] Module.CoreUObject.15.cpp [NoUba]
[279/1018] Compile [x64] Module.CoreUObject.16.cpp [NoUba]
[280/1018] Compile [x64] Module.CoreUObject.13.cpp [NoUba]
[281/1018] Compile [x64] Module.CoreUObject.14.cpp [NoUba]
[282/1018] Compile [x64] Module.CoreUObject.18.cpp [NoUba]
[283/1018] Compile [x64] Module.CoreUObject.17.cpp [NoUba]
[284/1018] Compile [x64] Module.CoreUObject.19.cpp [NoUba]
[285/1018] Compile [x64] Module.CoreUObject.3.cpp [NoUba]
[286/1018] Compile [x64] Module.CoreUObject.2.cpp [NoUba]
[287/1018] Compile [x64] Module.CoreUObject.4.cpp [NoUba]
[288/1018] Compile [x64] Module.CoreUObject.5.cpp [NoUba]
[289/1018] Compile [x64] Module.CoreUObject.8.cpp [NoUba]
[290/1018] Compile [x64] Module.CoreUObject.6.cpp [NoUba]
[291/1018] Compile [x64] MiMalloc.c [NoUba]
[292/1018] Compile [x64] Module.CoreUObject.7.cpp [NoUba]
[293/1018] Compile [x64] Module.Core.1.cpp [NoUba]
[294/1018] Compile [x64] Module.CoreUObject.9.cpp [NoUba]
[295/1018] Compile [x64] Module.Core.10.cpp [NoUba]
[296/1018] Compile [x64] Module.Core.11.cpp [NoUba]
[297/1018] Compile [x64] Module.Core.12.cpp [NoUba]
[298/1018] Compile [x64] Module.Core.13.cpp [NoUba]
[299/1018] Compile [x64] Module.Core.14.cpp [NoUba]
[300/1018] Compile [x64] Module.Core.15.cpp [NoUba]
[301/1018] Compile [x64] Module.Core.16.cpp [NoUba]
[302/1018] Compile [x64] Module.Core.19.cpp [NoUba]
[303/1018] Compile [x64] Module.Core.18.cpp [NoUba]
[304/1018] Compile [x64] Module.Core.17.cpp [NoUba]
[305/1018] Compile [x64] Module.Core.3.cpp [NoUba]
[306/1018] Compile [x64] Module.Core.20.cpp [NoUba]
[307/1018] Compile [x64] Module.Core.2.cpp [NoUba]
[308/1018] Compile [x64] Module.Core.5.cpp [NoUba]
[309/1018] Compile [x64] Module.Core.4.cpp [NoUba]
[310/1018] Compile [x64] Module.Core.6.cpp [NoUba]
[311/1018] Compile [x64] Module.Core.8.cpp [NoUba]
[312/1018] Compile [x64] Module.CsvMetrics.cpp [NoUba]
[313/1018] Compile [x64] Module.Core.7.cpp [NoUba]
[314/1018] Compile [x64] Module.CustomMeshComponent.cpp [NoUba]
[315/1018] Compile [x64] Module.Core.9.cpp [NoUba]
[316/1018] Compile [x64] Module.D3D12RHI.1.cpp [NoUba]
[317/1018] Compile [x64] Module.D3D12RHI.2.cpp [NoUba]
[318/1018] Compile [x64] Module.D3D12RHI.3.cpp [NoUba]
[319/1018] Compile [x64] Module.DataRegistry.cpp [NoUba]
[320/1018] Compile [x64] Module.D3D12RHI.4.cpp [NoUba]
[321/1018] Compile [x64] Module.DataflowEnginePlugin.cpp [NoUba]
[322/1018] Compile [x64] Module.DataflowMedialSkeleton.cpp [NoUba]
[323/1018] Compile [x64] Module.DataflowCore.cpp [NoUba]
[324/1018] Compile [x64] Module.DataflowEngine.cpp [NoUba]
[325/1018] Compile [x64] Module.DataflowSimulation.cpp [NoUba]
[326/1018] Compile [x64] Module.DatasmithContent.cpp [NoUba]
[327/1018] Compile [x64] Module.DeveloperSettings.cpp [NoUba]
[328/1018] Compile [x64] Module.DownlinkBandwidthManager.cpp [NoUba]
[329/1018] Compile [x64] Module.DesktopPlatform.cpp [NoUba]
[330/1018] Compile [x64] Module.DrawPrimitiveDebugger.cpp [NoUba]
[331/1018] Compile [x64] Module.DataflowNodes.cpp [NoUba]
[332/1018] Compile [x64] Module.DynamicMesh.1.cpp [NoUba]
[333/1018] Compile [x64] Module.DynamicMesh.2.cpp [NoUba]
[334/1018] Compile [x64] Module.DynamicMesh.3.cpp [NoUba]
[335/1018] Compile [x64] Module.EditorAnalyticsSession.cpp [NoUba]
[336/1018] Compile [x64] Module.EditableComputeGraph.cpp [NoUba]
[337/1018] Compile [x64] Module.EngineMessages.cpp [NoUba]
[338/1018] Compile [x64] Module.DynamicMesh.4.cpp [NoUba]
[339/1018] Compile [x64] Module.EngineSettings.cpp [NoUba]
[340/1018] Compile [x64] Module.EngineCameras.cpp [NoUba]
[341/1018] Compile [x86-64] AnimEncoding_ConstantKeyLerp.ispc [NoUba]
[342/1018] Compile [x86-64] AnimationRuntime.ispc [NoUba]
[343/1018] Compile [x86-64] AnimEncoding_VariableKeyLerp.ispc [NoUba]
[344/1018] Compile [x86-64] BonePose.ispc [NoUba]
[345/1018] Compile [x86-64] GPUSkinVertexFactory.ispc [NoUba]
[346/1018] Compile [x86-64] AnimEncoding_PerTrackCompression.ispc [NoUba]
[347/1018] Compile [x86-64] KAggregateGeom.ispc [NoUba]
[348/1018] Compile [x64] Module.Engine.1.cpp [NoUba]
[349/1018] Compile [x64] Module.Engine.10.cpp [NoUba]
[350/1018] Compile [x64] Module.Engine.11.cpp [NoUba]
[351/1018] Compile [x64] Module.Engine.12.cpp [NoUba]
[352/1018] Compile [x64] Module.Engine.13.cpp [NoUba]
[353/1018] Compile [x64] Module.Engine.14.cpp [NoUba]
[354/1018] Compile [x64] Module.Engine.16.cpp [NoUba]
[355/1018] Compile [x64] Module.Engine.17.cpp [NoUba]
[356/1018] Compile [x64] Module.Engine.15.cpp [NoUba]
[357/1018] Compile [x64] Module.Engine.2.cpp [NoUba]
[358/1018] Compile [x64] Module.Engine.18.cpp [NoUba]
[359/1018] Compile [x64] Module.Engine.19.cpp [NoUba]
[360/1018] Compile [x64] Module.Engine.21.cpp [NoUba]
[361/1018] Compile [x64] Module.Engine.20.cpp [NoUba]
[362/1018] Compile [x64] Module.Engine.22.cpp [NoUba]
[363/1018] Compile [x64] Module.Engine.23.cpp [NoUba]
[364/1018] Compile [x64] Module.Engine.24.cpp [NoUba]
[365/1018] Compile [x64] Module.Engine.25.cpp [NoUba]
[366/1018] Compile [x64] Module.Engine.26.cpp [NoUba]
[367/1018] Compile [x64] Module.Engine.28.cpp [NoUba]
[368/1018] Compile [x64] Module.Engine.29.cpp [NoUba]
[369/1018] Compile [x64] Module.Engine.27.cpp [NoUba]
[370/1018] Compile [x64] Module.Engine.3.cpp [NoUba]
[371/1018] Compile [x64] Module.Engine.30.cpp [NoUba]
[372/1018] Compile [x64] Module.Engine.31.cpp [NoUba]
[373/1018] Compile [x64] Module.Engine.32.cpp [NoUba]
[374/1018] Compile [x64] Module.Engine.34.cpp [NoUba]
[375/1018] Compile [x64] Module.Engine.33.cpp [NoUba]
[376/1018] Compile [x64] Module.Engine.35.cpp [NoUba]
[377/1018] Compile [x64] Module.Engine.36.cpp [NoUba]
[378/1018] Compile [x64] Module.Engine.37.cpp [NoUba]
[379/1018] Compile [x64] Module.Engine.39.cpp [NoUba]
[380/1018] Compile [x64] Module.Engine.4.cpp [NoUba]
[381/1018] Compile [x64] Module.Engine.38.cpp [NoUba]
[382/1018] Compile [x64] Module.Engine.42.cpp [NoUba]
[383/1018] Compile [x64] Module.Engine.40.cpp [NoUba]
[384/1018] Compile [x64] Module.Engine.41.cpp [NoUba]
[385/1018] Compile [x64] Module.Engine.45.cpp [NoUba]
[386/1018] Compile [x64] Module.Engine.43.cpp [NoUba]
[387/1018] Compile [x64] Module.Engine.44.cpp [NoUba]
[388/1018] Compile [x64] Module.Engine.47.cpp [NoUba]
[389/1018] Compile [x64] Module.Engine.46.cpp [NoUba]
[390/1018] Compile [x64] Module.Engine.48.cpp [NoUba]
[391/1018] Compile [x64] Module.Engine.49.cpp [NoUba]
[392/1018] Compile [x64] Module.Engine.50.cpp [NoUba]
[393/1018] Compile [x64] Module.Engine.5.cpp [NoUba]
[394/1018] Compile [x64] Module.Engine.53.cpp [NoUba]
[395/1018] Compile [x64] Module.Engine.51.cpp [NoUba]
[396/1018] Compile [x64] Module.Engine.54.cpp [NoUba]
[397/1018] Compile [x64] Module.Engine.52.cpp [NoUba]
[398/1018] Compile [x64] Module.Engine.55.cpp [NoUba]
[399/1018] Compile [x64] Module.Engine.57.cpp [NoUba]
[400/1018] Compile [x64] Module.Engine.58.cpp [NoUba]
[401/1018] Compile [x64] Module.Engine.56.cpp [NoUba]
[402/1018] Compile [x64] Module.Engine.59.cpp [NoUba]
[403/1018] Compile [x64] Module.Engine.60.cpp [NoUba]
[404/1018] Compile [x64] Module.Engine.61.cpp [NoUba]
[405/1018] Compile [x64] Module.Engine.6.cpp [NoUba]
[406/1018] Compile [x64] Module.Engine.62.cpp [NoUba]
[407/1018] Compile [x64] Module.Engine.7.cpp [NoUba]
[408/1018] Compile [x64] Module.Engine.8.cpp [NoUba]
[409/1018] Compile [x86-64] SkinnedAsset.ispc [NoUba]
[410/1018] Compile [x64] Module.Engine.9.cpp [NoUba]
[411/1018] Compile [x64] Module.EventLoop.cpp [NoUba]
[412/1018] Compile [x64] Module.ExampleDeviceProfileSelector.cpp [NoUba]
[413/1018] Compile [x64] Module.Engine.63.cpp [NoUba]
[414/1018] Compile [x64] Module.ExrReaderGpu.cpp [NoUba]
[415/1018] Compile [x64] Module.EyeTracker.cpp [NoUba]
[416/1018] Compile [x64] Module.EnhancedInput.cpp [NoUba]
[417/1018] Compile [x64] Module.FieldNotification.cpp [NoUba]
[418/1018] Compile [x64] Module.FacialAnimation.cpp [NoUba]
[419/1018] Compile [x64] Module.Foliage.cpp [NoUba]
[420/1018] Compile [x64] Module.FractureEngine.cpp [NoUba]
[421/1018] Compile [x64] Module.FieldSystemEngine.cpp [NoUba]
[422/1018] Compile [x64] Module.GLTFCore.cpp [NoUba]
[423/1018] Compile [x64] Module.FullBodyIK.cpp [NoUba]
[424/1018] Compile [x64] Module.FunctionalTesting.cpp [NoUba]
[425/1018] Compile [x64] Module.GameplayAbilities.1.cpp [NoUba]
[426/1018] Compile [x64] Module.GameFeatures.cpp [NoUba]
[427/1018] Compile [x64] Module.GLTFExporter.cpp [NoUba]
[428/1018] Compile [x64] Module.GameplayAbilities.4.cpp [NoUba]
[429/1018] Copy GameplayCameras.natvis [NoUba]
[430/1018] Compile [x64] Module.GameplayAbilities.3.cpp [NoUba]
[431/1018] Compile [x64] Module.GameplayAbilities.2.cpp [NoUba]
[432/1018] Compile [x64] Module.GameplayCameras.1.cpp [NoUba]
[433/1018] Compile [x64] Module.GameplayCameras.2.cpp [NoUba]
[434/1018] Compile [x64] Module.GameplayCameras.4.cpp [NoUba]
[435/1018] Compile [x64] Module.GameplayCameras.3.cpp [NoUba]
[436/1018] Compile [x64] Module.GameplayDebugger.cpp [NoUba]
[437/1018] Compile [x64] Module.GameplayTasks.cpp [NoUba]
[438/1018] Compile [x64] Module.GameplayTags.cpp [NoUba]
[439/1018] Compile [x64] Module.GeometryAlgorithms.3.cpp [NoUba]
[440/1018] Compile [x64] Module.GeometryCacheTracks.cpp [NoUba]
[441/1018] Compile [x86-64] GeometryCacheSceneProxy.ispc [NoUba]
[442/1018] Compile [x64] Module.GeometryAlgorithms.2.cpp [NoUba]
[443/1018] Compile [x64] Module.GeometryCache.cpp [NoUba]
[444/1018] Compile [x64] Module.GeometryAlgorithms.1.cpp [NoUba]
[445/1018] Compile [x86-64] GeometryCollectionSceneProxy.ispc [NoUba]
[446/1018] Compile [x86-64] GeometryCollectionComponent.ispc [NoUba]
[447/1018] Compile [x64] Module.GeometryCollectionDepNodes.cpp [NoUba]
[448/1018] Compile [x64] Module.GeometryCollectionNodes.1.cpp [NoUba]
[449/1018] Compile [x64] Module.GeometryCollectionNodes.2.cpp [NoUba]
[450/1018] Compile [x64] Module.GeometryCollectionEngine.cpp [NoUba]
[451/1018] Copy GeometryCore.natvis [NoUba]
[452/1018] Compile [x64] Module.GeometryCollectionNodes.3.cpp [NoUba]
[453/1018] Compile [x64] Module.GeometryCollectionTracks.cpp [NoUba]
[454/1018] Compile [x64] Module.GeometryCore.1.cpp [NoUba]
[455/1018] Compile [x64] Module.GeometryCore.3.cpp [NoUba]
[456/1018] Compile [x64] Module.GeometryCore.4.cpp [NoUba]
[457/1018] Compile [x64] Module.GeometryCore.2.cpp [NoUba]
[458/1018] Compile [x64] Module.GlobalConfigurationDataCore.cpp [NoUba]
[459/1018] Compile [x64] Module.GlobalConfigurationData.cpp [NoUba]
[460/1018] Compile [x64] Module.GeometryDataflowNodes.cpp [NoUba]
[461/1018] Compile [x64] Module.GooglePAD.cpp [NoUba]
[462/1018] Compile [x64] Module.HTAnimRun.cpp [NoUba]
[463/1018] Compile [x64] Module.HTTPServer.cpp [NoUba]
[464/1018] Compile [x64] Module.GeometryFramework.cpp [NoUba]
[465/1018] Compile [x64] Module.HTRun.cpp [NoUba]
[466/1018] Compile [x64] Module.HTTP.cpp [NoUba]
[467/1018] Compile [x64] Module.HairStrandsCore.2.cpp [NoUba]
[468/1018] Compile [x64] Module.HairStrandsCore.3.cpp [NoUba]
[469/1018] Compile [x64] Module.HairStrandsCore.1.cpp [NoUba]
[470/1018] Compile [x64] Module.HairStrandsRuntime.cpp [NoUba]
[471/1018] Compile [x64] Module.HairStrandsDeformer.cpp [NoUba]
[472/1018] Compile [x64] Module.HairStrandsCore.4.cpp [NoUba]
[473/1018] Compile [x64] Module.HeadMountedDisplay.cpp [NoUba]
[474/1018] Compile [x64] Module.HairStrandsSolver.cpp [NoUba]
[475/1018] Compile [x64] Module.IESFile.cpp [NoUba]
[476/1018] Compile [x64] Module.Hotfix.cpp [NoUba]
[477/1018] Compile [x64] Module.HttpReplayStreaming.cpp [NoUba]
[478/1018] Compile [x64] Module.IKRigUAF.cpp [NoUba]
[479/1018] Compile [x64] Module.Icmp.cpp [NoUba]
[480/1018] Compile [x64] Module.ISMPool.cpp [NoUba]
[481/1018] Compile [x64] Module.ImageCore.cpp [NoUba]
[482/1018] Compile [x64] Module.ImageWrapper.cpp [NoUba]
[483/1018] Compile [x64] Module.ImageWriteQueue.cpp [NoUba]
[484/1018] Compile [x64] Module.ImgMediaFactory.cpp [NoUba]
[485/1018] Compile [x64] Module.ImgMediaEngine.cpp [NoUba]
[486/1018] Compile [x64] Module.IndexedCacheStorage.cpp [NoUba]
[487/1018] Compile [x64] Module.InputCore.cpp [NoUba]
[488/1018] Compile [x64] Module.InputDebugging.cpp [NoUba]
[489/1018] Compile [x64] Module.IKRig.cpp [NoUba]
[490/1018] Compile [x64] Module.InputDevice.cpp [NoUba]
[491/1018] Compile [x64] Module.InstallBundleManager.cpp [NoUba]
[492/1018] Compile [x64] Module.ImgMedia.cpp [NoUba]
[493/1018] Compile [x64] Module.InteractiveToolsFramework.3.cpp [NoUba]
[494/1018] Compile [x64] Module.InteractiveToolsFramework.1.cpp [NoUba]
[495/1018] Compile [x64] Module.InterchangeAssets.cpp [NoUba]
[496/1018] Compile [x64] Module.InterchangeAxFAssets.cpp [NoUba]
[497/1018] Compile [x64] Module.InteractiveToolsFramework.2.cpp [NoUba]
[498/1018] Compile [x64] Module.InterchangeCommon.cpp [NoUba]
[499/1018] Compile [x64] Module.InterchangeCommonParser.cpp [NoUba]
[500/1018] Compile [x64] Module.InterchangeDispatcher.cpp [NoUba]
[501/1018] Compile [x64] Module.InterchangeAnalytics.cpp [NoUba]
[502/1018] Compile [x64] Module.InterchangeExport.cpp [NoUba]
[503/1018] Compile [x64] Module.InterchangeEngine.cpp [NoUba]
[504/1018] Compile [x64] Module.InterchangeCore.cpp [NoUba]
[505/1018] Compile [x64] Module.InterchangeFactoryNodes.cpp [NoUba]
[506/1018] Compile [x64] Module.InterchangeImport.1.cpp [NoUba]
[507/1018] Compile [x64] Module.InterchangeImport.2.cpp [NoUba]
[508/1018] Compile [x64] Module.InterchangeImport.3.cpp [NoUba]
[509/1018] Compile [x64] Module.InterchangeMessages.cpp [NoUba]
[510/1018] Compile [x64] Module.InterchangeNodes.cpp [NoUba]
[511/1018] Compile [x64] Module.IoStoreHttpClient.cpp [NoUba]
[512/1018] Compile [x64] Module.InterchangeImport.4.cpp [NoUba]
[513/1018] Compile [x64] Module.IoStoreOnDemandCore.cpp [NoUba]
[514/1018] Copy IrisCore.natvis [NoUba]
[515/1018] Compile [x64] Module.IrisCore.1.cpp [NoUba]
[516/1018] Compile [x64] Module.IoStoreOnDemand.cpp [NoUba]
[517/1018] Compile [x64] Module.IrisCore.2.cpp [NoUba]
[518/1018] Compile [x64] Module.IrisCore.3.cpp [NoUba]
[519/1018] Compile [x64] Module.IrisCore.4.cpp [NoUba]
[520/1018] Compile [x64] Module.InterchangePipelines.cpp [NoUba]
[521/1018] Compile [x64] Module.IrisCore.5.cpp [NoUba]
[522/1018] Compile [x64] Module.JsonUtilities.cpp [NoUba]
[523/1018] Compile [x64] Module.IrisCore.6.cpp [NoUba]
[524/1018] Compile [x64] Module.Landmass.cpp [NoUba]
[525/1018] Compile [x64] Module.Json.cpp [NoUba]
[526/1018] Compile [x64] Module.LFNRS.cpp [NoUba]
[527/1018] Compile [x64] Module.Landscape.1.cpp [NoUba]
[528/1018] Compile [x64] Module.Landscape.3.cpp [NoUba]
[529/1018] Compile [x64] Module.Landscape.2.cpp [NoUba]
[530/1018] Compile [x64] Module.Landscape.4.cpp [NoUba]
[531/1018] Compile [x64] Module.Landscape.6.cpp [NoUba]
[532/1018] Compile [x64] Module.Landscape.5.cpp [NoUba]
[533/1018] Compile [x64] Module.LauncherChunkInstaller.cpp [NoUba]
[534/1018] Compile [x64] Module.Landscape.7.cpp [NoUba]
[535/1018] Compile [x64] Module.LiveCoding.cpp [NoUba]
[536/1018] Compile [x64] xxhash.c [NoUba]
[537/1018] Compile [x64] Module.Launch.cpp [NoUba]
[538/1018] Compile [x64] Module.LevelSequence.cpp [NoUba]
[539/1018] Compile [x64] Module.LiveLinkInterface.cpp [NoUba]
[540/1018] Compile [x64] Module.LocalizableMessage.cpp [NoUba]
[541/1018] Compile [x64] Module.LocalizableMessageBlueprint.cpp [NoUba]
[542/1018] Compile [x64] Module.LocalizationService.cpp [NoUba]
[543/1018] Compile [x64] Module.Lobby.cpp [NoUba]
[544/1018] Compile [x64] Module.LocationServicesBPLibrary.cpp [NoUba]
[545/1018] Compile [x64] Module.MMOBackendClient.cpp [NoUba]
[546/1018] Compile [x64] MMOContracts.cpp [NoUba]
[547/1018] Compile [x64] Module.MMOBackendServer.cpp [NoUba]
[548/1018] Compile [x64] Module.Localization.cpp [NoUba]
[549/1018] Compile Resource [x64] MMORPGServer-Default.rc2 [NoUba]
[550/1018] Compile [x64] Module.MMOCore.cpp [NoUba]
[551/1018] Compile [x64] MMOAnimInstance.cpp [NoUba]
[552/1018] Compile [x64] Module.MMOFramework.cpp [NoUba]
[553/1018] Compile [x64] MMOAnimationValidation.cpp [NoUba]
[554/1018] Compile [x64] MMOExperienceGameplay.cpp [NoUba]
[555/1018] Compile [x64] MMODeathValidation.cpp [NoUba]
[556/1018] Compile [x64] MMOHealthComponent.cpp [NoUba]
[557/1018] Compile [x64] MMOInputGameplay.cpp [NoUba]
[558/1018] Compile [x64] MMOGameplay.cpp [NoUba]
[559/1018] Compile [x64] MMOLocalizationValidation.cpp [NoUba]
[560/1018] Compile [x64] MMORPG.cpp [NoUba]
[561/1018] Compile [x64] MMORespawnGameplay.cpp [NoUba]
[562/1018] Compile [x64] Module.MP4Boxes.cpp [NoUba]
[563/1018] Compile [x64] Module.MP4Muxer.cpp [NoUba]
[564/1018] Compile [x64] Module.MMORPG.gen.cpp [NoUba]
[565/1018] Compile [x64] Module.MP4Utilities.cpp [NoUba]
[566/1018] Compile [x64] MMOUI.cpp [NoUba]
[567/1018] Compile [x64] Module.MassCore.cpp [NoUba]
[568/1018] Compile [x64] Module.MSQS.cpp [NoUba]
[569/1018] Compile [x64] Module.MRMesh.cpp [NoUba]
[570/1018] Compile [x64] Module.MassEntityTestSuite.2.cpp [NoUba]
[571/1018] Copy MassEntity.natvis [NoUba]
[572/1018] Compile [x64] Module.MassEntityTestSuite.1.cpp [NoUba]
[573/1018] Compile [x64] Module.MassEntityTestSuite.3.cpp [NoUba]
[574/1018] Compile [x64] Module.MassEntity.3.cpp [NoUba]
[575/1018] Compile [x64] Module.MassEntity.1.cpp [NoUba]
[576/1018] Compile [x64] Module.MassSignals.cpp [NoUba]
[577/1018] Compile [x64] Module.MathCore.cpp [NoUba]
[578/1018] Compile [x64] Module.MassEntity.2.cpp [NoUba]
[579/1018] Compile [x64] Module.MediaPlate.cpp [NoUba]
[580/1018] Compile [x64] Module.MediaAssets.cpp [NoUba]
[581/1018] Compile [x64] Module.MediaCompositing.cpp [NoUba]
[582/1018] Compile [x64] Module.MediaUtils.cpp [NoUba]
[583/1018] Compile [x64] Module.Media.cpp [NoUba]
[584/1018] Compile [x64] Module.MeshConversionEngineTypes.cpp [NoUba]
[585/1018] Compile [x64] Module.MeshConversion.cpp [NoUba]
[586/1018] Compile [x64] Module.MeshDescription.cpp [NoUba]
[587/1018] Compile [x64] Module.MeshFileUtils.cpp [NoUba]
[588/1018] Compile [x64] Module.MeshModelingTools.1.cpp [NoUba]
[589/1018] Compile [x64] Module.MeshUtilitiesCommon.cpp [NoUba]
[590/1018] Compile [x64] Module.MeshModelingTools.3.cpp [NoUba]
[591/1018] Compile [x64] Module.MessagingCommon.cpp [NoUba]
[592/1018] Compile [x64] Module.Messaging.cpp [NoUba]
[593/1018] Compile [x64] Module.MeshModelingTools.2.cpp [NoUba]
[594/1018] Compile [x64] Module.MessageLog.cpp [NoUba]
[595/1018] Compile [x64] Module.MetaHumanSDKRuntime.cpp [NoUba]
[596/1018] Compile [x64] Module.MetasoundFrontend.2.cpp [NoUba]
[597/1018] Compile [x64] Module.MetasoundFrontend.1.cpp [NoUba]
[598/1018] Compile [x64] Module.MetasoundFrontend.3.cpp [NoUba]
[599/1018] Compile [x64] Module.MetasoundEngine.cpp [NoUba]
[600/1018] Compile [x64] Module.MetasoundFrontend.4.cpp [NoUba]
[601/1018] Compile [x64] Module.MetasoundGenerator.cpp [NoUba]
[602/1018] Compile [x64] Module.MetasoundGraphCore.cpp [NoUba]
[603/1018] Compile [x64] Module.MetasoundStandardNodes.1.cpp [NoUba]
[604/1018] Compile [x64] Module.MetasoundStandardNodes.2.cpp [NoUba]
[605/1018] Compile [x64] Module.MetasoundFrontend.5.cpp [NoUba]
[606/1018] Compile [x64] Module.MetasoundStandardNodes.5.cpp [NoUba]
[607/1018] Compile [x64] Module.MetasoundStandardNodes.3.cpp [NoUba]
[608/1018] Compile [x64] Module.MetasoundStandardNodes.7.cpp [NoUba]
[609/1018] Compile [x64] Module.MetasoundStandardNodes.4.cpp [NoUba]
[610/1018] Compile [x64] Module.MobilePatchingUtils.cpp [NoUba]
[611/1018] Compile [x64] Module.MetasoundStandardNodes.6.cpp [NoUba]
[612/1018] Compile [x64] Module.ModelViewViewModel.cpp [NoUba]
[613/1018] Compile [x64] Module.ModelingComponents.3.cpp [NoUba]
[614/1018] Compile [x64] Module.ModelingComponents.2.cpp [NoUba]
[615/1018] Compile [x64] Module.ModelingComponents.4.cpp [NoUba]
[616/1018] Compile [x64] Module.ModularGameplayActors.cpp [NoUba]
[617/1018] Compile [x64] Module.ModelingComponents.1.cpp [NoUba]
[618/1018] Compile [x64] Module.MoviePlayerProxy.cpp [NoUba]
[619/1018] Compile [x64] Module.ModularGameplay.cpp [NoUba]
[620/1018] Compile [x64] Module.ModelingOperators.cpp [NoUba]
[621/1018] Compile [x64] Module.MoviePlayer.cpp [NoUba]
[622/1018] Compile [x64] Module.MovieSceneCapture.cpp [NoUba]
[623/1018] Compile [x64] Module.MovieSceneTracks.2.cpp [NoUba]
[624/1018] Compile [x64] Module.MovieSceneTracks.3.cpp [NoUba]
[625/1018] Compile [x64] Module.MovieSceneTracks.4.cpp [NoUba]
[626/1018] Compile [x64] Module.MovieSceneTracks.5.cpp [NoUba]
[627/1018] Compile [x64] Module.MovieScene.1.cpp [NoUba]
[628/1018] Compile [x64] Module.MovieSceneTracks.1.cpp [NoUba]
[629/1018] Compile [x64] Module.MovieScene.2.cpp [NoUba]
[630/1018] Compile [x64] Module.MovieScene.3.cpp [NoUba]
[631/1018] Compile [x64] Module.MovieScene.4.cpp [NoUba]
[632/1018] Copy MovieScene.natvis [NoUba]
[633/1018] Compile [x64] Module.MsQuicRuntime.cpp [NoUba]
[634/1018] Compile [x64] Module.MovieScene.6.cpp [NoUba]
[635/1018] Compile [x64] Module.MuCO.1.cpp [NoUba]
[636/1018] Compile [x64] Module.MovieScene.5.cpp [NoUba]
[637/1018] Compile [x64] Module.MuCO.2.cpp [NoUba]
[638/1018] Compile [x64] Module.MuR.2.cpp [NoUba]
[639/1018] Compile [x64] Module.MuR.3.cpp [NoUba]
[640/1018] Compile [x64] Module.MuR.1.cpp [NoUba]
[641/1018] Copy MutableRuntime.natvis [NoUba]
[642/1018] Compile [x64] Module.MuR.5.cpp [NoUba]
[643/1018] Compile [x64] Module.MutableAssetUserData.cpp [NoUba]
[644/1018] Compile [x64] Module.MuR.4.cpp [NoUba]
[645/1018] Compile [x64] Module.NNEDenoiserShaders.cpp [NoUba]
[646/1018] Compile [x64] Module.NNEDenoiser.cpp [NoUba]
[647/1018] Compile [x64] Module.NNE.cpp [NoUba]
[648/1018] Copy NNE.natvis [NoUba]
[649/1018] Compile [x64] Module.NNERuntimeORT.cpp [NoUba]
[650/1018] Compile [x64] Module.NFORDenoise.cpp [NoUba]
[651/1018] Compile [x64] Module.NamingTokensUI.cpp [NoUba]
[652/1018] Compile [x64] Module.NamingTokens.cpp [NoUba]
[653/1018] Compile [x64] Module.NavigationSystem.1.cpp [NoUba]
[654/1018] Compile [x64] Module.Navmesh.1.cpp [NoUba]
[655/1018] Compile [x64] Module.Navmesh.2.cpp [NoUba]
[656/1018] Compile [x64] Module.Navmesh.3.cpp [NoUba]
[657/1018] Compile [x64] Module.NetCommon.cpp [NoUba]
[658/1018] Compile [x64] Module.NavigationSystem.2.cpp [NoUba]
[659/1018] Compile [x64] Module.NetworkFile.cpp [NoUba]
[660/1018] Compile [x64] Module.NavigationSystem.3.cpp [NoUba]
[661/1018] Compile [x64] Module.NetworkReplayStreaming.cpp [NoUba]
[662/1018] Compile [x64] Module.Networking.cpp [NoUba]
[663/1018] Compile [x64] Module.NetCore.cpp [NoUba]
[664/1018] Compile [x64] Module.NiagaraCore.cpp [NoUba]
[665/1018] Compile [x64] Module.NiagaraAnimNotifies.cpp [NoUba]
[666/1018] Compile [x64] Module.NiagaraSimCaching.cpp [NoUba]
[667/1018] Compile [x64] Module.NiagaraShader.cpp [NoUba]
[668/1018] Compile [x64] Module.NiagaraVertexFactories.cpp [NoUba]
[669/1018] Compile [x64] Module.Niagara.1.cpp [NoUba]
[670/1018] Compile [x64] Module.Niagara.10.cpp [NoUba]
[671/1018] Compile [x64] Module.Niagara.11.cpp [NoUba]
[672/1018] Compile [x64] Module.Niagara.14.cpp [NoUba]
[673/1018] Compile [x64] Module.Niagara.12.cpp [NoUba]
[674/1018] Compile [x64] Module.Niagara.13.cpp [NoUba]
[675/1018] Compile [x64] Module.Niagara.2.cpp [NoUba]
[676/1018] Compile [x64] Module.Niagara.3.cpp [NoUba]
[677/1018] Compile [x64] Module.Niagara.4.cpp [NoUba]
[678/1018] Compile [x64] Module.Niagara.6.cpp [NoUba]
[679/1018] Compile [x64] Module.Niagara.5.cpp [NoUba]
[680/1018] Compile [x64] Module.Niagara.7.cpp [NoUba]
[681/1018] Copy Niagara.natvis [NoUba]
[682/1018] Compile [x86-64] NiagaraDataInterfaceVectorField.ispc [NoUba]
[683/1018] Compile [x64] Module.NonRealtimeAudioRenderer.cpp [NoUba]
[684/1018] Compile [x64] Module.NullDrv.cpp [NoUba]
[685/1018] Compile [x64] Module.NullReplayStreaming.cpp [NoUba]
[686/1018] Compile [x64] Module.Niagara.8.cpp [NoUba]
[687/1018] Compile [x64] Module.OnlineBase.cpp [NoUba]
[688/1018] Compile [x64] Module.Niagara.9.cpp [NoUba]
[689/1018] Compile [x64] Module.OnlineFrameworkCommon.cpp [NoUba]
[690/1018] Compile [x64] Module.OnlineServicesCommonEngineUtils.cpp [NoUba]
[691/1018] Compile [x64] Module.OnlineServicesCommon.3.cpp [NoUba]
[692/1018] Compile [x64] Module.OnlineServicesInterface.cpp [NoUba]
[693/1018] Copy OnlineServicesInterface.natvis [NoUba]
[694/1018] Compile [x64] Module.OnlineServicesCommon.2.cpp [NoUba]
[695/1018] Compile [x64] Module.OnlineServicesNull.cpp [NoUba]
[696/1018] Compile [x64] Module.OnlineServicesCommon.1.cpp [NoUba]
[697/1018] Compile [x64] Module.OnlineSubsystemNull.cpp [NoUba]
[698/1018] Compile [x64] Module.OnlineSubsystemUtils.1.cpp [NoUba]
[699/1018] Compile [x64] Module.OnlineSubsystemUtils.2.cpp [NoUba]
[700/1018] Compile [x64] Module.OnlineSubsystemUtils.3.cpp [NoUba]
[701/1018] Compile [x64] Module.OodleNetworkPlugin.cpp [NoUba]
[702/1018] Compile [x64] Module.OnlineSubsystem.cpp [NoUba]
[703/1018] Compile [x64] Module.OpenExrWrapper.cpp [NoUba]
[704/1018] Compile [x64] Module.OnlineServicesOSSAdapter.cpp [NoUba]
[705/1018] Compile [x64] Module.OptimusSettings.cpp [NoUba]
[706/1018] Compile [x64] Module.OpusAudioDecoder.cpp [NoUba]
[707/1018] Compile [x64] Module.OpenGLDrv.cpp [NoUba]
[708/1018] Compile [x64] Module.Overlay.cpp [NoUba]
[709/1018] Compile [x64] Module.PBIK.cpp [NoUba]
[710/1018] Compile [x64] Module.PCGCompute.cpp [NoUba]
[711/1018] Compile [x64] Module.OptimusCore.cpp [NoUba]
[712/1018] Compile [x64] Module.PCG.1.cpp [NoUba]
[713/1018] Compile [x64] Module.PCG.10.cpp [NoUba]
[714/1018] Compile [x64] Module.PCG.11.cpp [NoUba]
[715/1018] Compile [x64] Module.PCG.12.cpp [NoUba]
[716/1018] Compile [x64] Module.PCG.13.cpp [NoUba]
[717/1018] Compile [x64] Module.PCG.14.cpp [NoUba]
[718/1018] Compile [x64] Module.PCG.16.cpp [NoUba]
[719/1018] Compile [x64] Module.PCG.17.cpp [NoUba]
[720/1018] Compile [x64] Module.PCG.15.cpp [NoUba]
[721/1018] Compile [x64] Module.PCG.19.cpp [NoUba]
[722/1018] Compile [x64] Module.PCG.18.cpp [NoUba]
[723/1018] Compile [x64] Module.PCG.2.cpp [NoUba]
[724/1018] Compile [x64] Module.PCG.4.cpp [NoUba]
[725/1018] Compile [x64] Module.PCG.3.cpp [NoUba]
[726/1018] Compile [x64] Module.PCG.5.cpp [NoUba]
[727/1018] Compile [x64] Module.PCG.6.cpp [NoUba]
[728/1018] Compile [x64] Module.PCG.8.cpp [NoUba]
[729/1018] Copy PCG.natvis [NoUba]
[730/1018] Compile Resource [x64] PCLaunch.rc [NoUba]
[731/1018] Compile [x64] Module.PCG.7.cpp [NoUba]
[732/1018] Compile [x64] Module.PacketHandler.cpp [NoUba]
[733/1018] Compile [x64] Module.PakFile.cpp [NoUba]
[734/1018] Compile [x64] Module.Paper2D.cpp [NoUba]
[735/1018] Compile [x64] Module.PatchCheck.cpp [NoUba]
[736/1018] Compile [x64] Module.PerfCounters.cpp [NoUba]
[737/1018] Compile [x64] Module.PCG.9.cpp [NoUba]
[738/1018] Compile [x64] Module.Party.cpp [NoUba]
[739/1018] Compile [x64] Module.PhysicsControl.cpp [NoUba]
[740/1018] Compile [x64] Module.PlanarCut.cpp [NoUba]
[741/1018] Compile [x64] EncryptionContextOpenSSL.cpp [NoUba]
[742/1018] Compile [x64] PlatformCryptoAesDecryptorsOpenSSL.cpp [NoUba]
[743/1018] Compile [x64] PlatformCryptoAesEncryptorsOpenSSL.cpp [NoUba]
[744/1018] Compile [x64] PlatformCryptoContext.cpp [NoUba]
[745/1018] Compile [x64] PlatformCryptoUtilsOpenSSL.cpp [NoUba]
[746/1018] Compile [x64] Module.PlatformCryptoTypes.cpp [NoUba]
[747/1018] Compile [x64] Module.PlatformCrypto.cpp [NoUba]
[748/1018] Compile [x64] Module.PhysicsCore.cpp [NoUba]
[749/1018] Compile [x64] Module.PlayTimeLimit.cpp [NoUba]
[750/1018] Compile [x64] Module.PreLoadScreen.cpp [NoUba]
[751/1018] Compile [x64] Module.ProfileVisualizer.cpp [NoUba]
[752/1018] Compile [x64] Module.ProceduralMeshComponent.cpp [NoUba]
[753/1018] Compile [x64] Module.PropertyPath.cpp [NoUba]
[754/1018] Compile [x64] Module.PythonScriptPluginPreload.cpp [NoUba]
[755/1018] Compile [x64] Module.Projects.cpp [NoUba]
[756/1018] Compile [x64] Module.PropertyBindingUtils.cpp [NoUba]
[757/1018] Compile [x64] Module.Qos.cpp [NoUba]
[758/1018] Compile [x64] Module.RHICore.cpp [NoUba]
[759/1018] Compile [x64] Module.RHI.3.cpp [NoUba]
[760/1018] Compile [x64] Module.RSA.cpp [NoUba]
[761/1018] Compile [x64] Module.RHI.1.cpp [NoUba]
[762/1018] Compile [x64] Module.RadAudioDecoder.cpp [NoUba]
[763/1018] Compile [x64] Module.RawMesh.cpp [NoUba]
[764/1018] Compile [x64] Module.ReliableHComp.cpp [NoUba]
[765/1018] Compile [x64] Module.RHI.2.cpp [NoUba]
[766/1018] Compile [x64] Module.Rejoin.cpp [NoUba]
[767/1018] Compile [x64] Module.RenderCore.1.cpp [NoUba]
[768/1018] Compile [x64] Module.RenderCore.2.cpp [NoUba]
[769/1018] Compile [x64] Module.RenderCore.3.cpp [NoUba]
[770/1018] Compile [x64] Module.RenderCore.4.cpp [NoUba]
[771/1018] Copy RenderCore.natvis [NoUba]
[772/1018] Compile [x64] Module.RenderCore.5.cpp [NoUba]
[773/1018] Compile [x64] Module.RenderCore.6.cpp [NoUba]
[774/1018] Compile [x64] Module.RenderDocPlugin.cpp [NoUba]
[775/1018] Compile [x64] Module.Renderer.11.cpp [NoUba]
[776/1018] Compile [x64] Module.Renderer.1.cpp [NoUba]
[777/1018] Compile [x64] Module.Renderer.10.cpp [NoUba]
[778/1018] Compile [x64] Module.Renderer.13.cpp [NoUba]
[779/1018] Compile [x64] Module.Renderer.12.cpp [NoUba]
[780/1018] Compile [x64] Module.Renderer.14.cpp [NoUba]
[781/1018] Compile [x64] Module.Renderer.15.cpp [NoUba]
[782/1018] Compile [x64] Module.Renderer.16.cpp [NoUba]
[783/1018] Compile [x64] Module.Renderer.17.cpp [NoUba]
[784/1018] Compile [x64] Module.Renderer.18.cpp [NoUba]
[785/1018] Compile [x64] Module.Renderer.19.cpp [NoUba]
[786/1018] Compile [x64] Module.Renderer.2.cpp [NoUba]
[787/1018] Compile [x64] Module.Renderer.21.cpp [NoUba]
[788/1018] Compile [x64] Module.Renderer.20.cpp [NoUba]
[789/1018] Compile [x64] Module.Renderer.24.cpp [NoUba]
[790/1018] Compile [x64] Module.Renderer.22.cpp [NoUba]
[791/1018] Compile [x64] Module.Renderer.23.cpp [NoUba]
[792/1018] Compile [x64] Module.Renderer.25.cpp [NoUba]
[793/1018] Compile [x64] Module.Renderer.27.cpp [NoUba]
[794/1018] Compile [x64] Module.Renderer.26.cpp [NoUba]
[795/1018] Compile [x64] Module.Renderer.29.cpp [NoUba]
[796/1018] Compile [x64] Module.Renderer.28.cpp [NoUba]
[797/1018] Compile [x64] Module.Renderer.3.cpp [NoUba]
[798/1018] Compile [x64] Module.Renderer.30.cpp [NoUba]
[799/1018] Compile [x64] Module.Renderer.31.cpp [NoUba]
[800/1018] Compile [x64] Module.Renderer.32.cpp [NoUba]
[801/1018] Compile [x64] Module.Renderer.34.cpp [NoUba]
[802/1018] Compile [x64] Module.Renderer.33.cpp [NoUba]
[803/1018] Compile [x64] Module.Renderer.37.cpp [NoUba]
[804/1018] Compile [x64] Module.Renderer.36.cpp [NoUba]
[805/1018] Compile [x64] Module.Renderer.35.cpp [NoUba]
[806/1018] Compile [x64] Module.Renderer.38.cpp [NoUba]
[807/1018] Compile [x64] Module.Renderer.4.cpp [NoUba]
[808/1018] Compile [x64] Module.Renderer.6.cpp [NoUba]
[809/1018] Compile [x64] Module.Renderer.5.cpp [NoUba]
[810/1018] Compile [x64] Module.Renderer.7.cpp [NoUba]
[811/1018] Compile [x64] Module.Renderer.8.cpp [NoUba]
[812/1018] Compile [x64] ambisonic_binaural_decoder.cc [NoUba]
[813/1018] Compile [x64] ambisonic_binaural_decoder_node.cc [NoUba]
[814/1018] Compile [x64] ambisonic_lookup_table.cc [NoUba]
[815/1018] Compile [x64] ambisonic_mixing_encoder_node.cc [NoUba]
[816/1018] Compile [x64] associated_legendre_polynomials_generator.cc [NoUba]
[817/1018] Compile [x64] audio_buffer.cc [NoUba]
[818/1018] Compile [x64] binaural_surround_renderer.cc [NoUba]
[819/1018] Compile [x64] Module.Renderer.9.cpp [NoUba]
[820/1018] Compile [x64] binaural_surround_renderer_impl.cc [NoUba]
[821/1018] Compile [x64] biquad_filter.cc [NoUba]
[822/1018] Compile [x64] buffer_crossfader.cc [NoUba]
[823/1018] Compile [x64] buffer_partitioner.cc [NoUba]
[824/1018] Compile [x64] buffer_unpartitioner.cc [NoUba]
[825/1018] Compile [x64] channel_converter.cc [NoUba]
[826/1018] Compile [x64] buffered_source_node.cc [NoUba]
[827/1018] Compile [x64] channel_view.cc [NoUba]
[828/1018] Compile [x64] circular_buffer.cc [NoUba]
[829/1018] Compile [x64] delay_filter.cc [NoUba]
[830/1018] Compile [x64] fft_manager.cc [NoUba]
[831/1018] Compile [x64] distance_attenuation.cc [NoUba]
[832/1018] Compile [x64] fir_filter.cc [NoUba]
[833/1018] Compile [x64] filter_coefficient_generators.cc [NoUba]
[834/1018] Compile [x64] foa_rotator_node.cc [NoUba]
[835/1018] Compile [x64] gain.cc [NoUba]
[836/1018] Compile [x64] foa_rotator.cc [NoUba]
[837/1018] Compile [x64] gain_mixer.cc [NoUba]
[838/1018] Compile [x64] gain_mixer_node.cc [NoUba]
[839/1018] Compile [x64] gain_processor.cc [NoUba]
[840/1018] Compile [x64] gain_node.cc [NoUba]
[841/1018] Compile [x64] graph_manager.cc [NoUba]
[842/1018] Compile [x64] hoa_rotator_node.cc [NoUba]
[843/1018] Compile [x64] hrtf_assets.cc [NoUba]
[844/1018] Compile [x64] lockless_task_queue.cc [NoUba]
[845/1018] Compile [x64] misc_math.cc [NoUba]
[846/1018] Compile [x64] mixer.cc [NoUba]
[847/1018] Compile [x64] hoa_rotator.cc [NoUba]
[848/1018] Compile [x64] mixer_node.cc [NoUba]
[849/1018] Compile [x64] mono_pole_filter.cc [NoUba]
[850/1018] Compile [x64] mono_from_soundfield_node.cc [NoUba]
[851/1018] Compile [x64] multi_channel_iir.cc [NoUba]
[852/1018] Compile [x64] near_field_processor.cc [NoUba]
[853/1018] Compile [x64] occlusion_calculator.cc [NoUba]
[854/1018] Compile [x64] near_field_effect_node.cc [NoUba]
[855/1018] Compile [x64] ogg_vorbis_recorder.cc [NoUba]
[856/1018] Compile [x64] occlusion_node.cc [NoUba]
[857/1018] Compile [x64] partitioned_fft_filter.cc [NoUba]
[858/1018] Compile [x64] planar_interleaved_conversion.cc [NoUba]
[859/1018] Compile [x64] processing_node.cc [NoUba]
[860/1018] Compile [x64] reflections_node.cc [NoUba]
[861/1018] Compile [x64] resampler.cc [NoUba]
[862/1018] Compile [x64] reflections_processor.cc [NoUba]
[863/1018] Compile [x64] resonance_audio_api.cc [NoUba]
[864/1018] Compile [x64] reverb_node.cc [NoUba]
[865/1018] Compile [x64] resonance_audio_api_impl.cc [NoUba]
[866/1018] Compile [x64] reverb_onset_compensator.cc [NoUba]
[867/1018] Compile [x64] reverb_onset_update_processor.cc [NoUba]
[868/1018] Compile [x64] sample_type_conversion.cc [NoUba]
[869/1018] Compile [x64] sh_hrir_creator.cc [NoUba]
[870/1018] Compile [x64] room_effects_utils.cc [NoUba]
[871/1018] Compile [x64] shoe_box_room.cc [NoUba]
[872/1018] Compile [x64] simd_utils.cc [NoUba]
[873/1018] Compile [x64] source_config.cc [NoUba]
[874/1018] Compile [x64] source_node.cc [NoUba]
[875/1018] Compile [x64] sink_node.cc [NoUba]
[876/1018] Compile [x64] source_parameters_manager.cc [NoUba]
[877/1018] Compile [x64] spectral_reverb.cc [NoUba]
[878/1018] Compile [x64] stereo_from_soundfield_converter.cc [NoUba]
[879/1018] Compile [x64] spherical_angle.cc [NoUba]
[880/1018] Compile [x64] stereo_panner.cc [NoUba]
[881/1018] Compile [x64] Module.ResonanceAudio.cpp [NoUba]
[882/1018] Compile [x64] sum_and_difference_processor.cc [NoUba]
[883/1018] Compile [x64] stereo_mixing_panner_node.cc [NoUba]
[884/1018] Compile [x64] utils.cc [NoUba]
[885/1018] Compile [x64] vorbis_stream_encoder.cc [NoUba]
[886/1018] Compile [x64] wav.cc [NoUba]
[887/1018] Compile [x64] wav_reader.cc [NoUba]
[888/1018] Compile [x64] task_thread_pool.cc [NoUba]
[889/1018] Compile [x64] Module.RewindDebuggerRuntimeInterface.cpp [NoUba]
[890/1018] Compile [x64] Module.RewindDebuggerRuntime.cpp [NoUba]
[891/1018] Compile [x64] Module.RewindDebuggerVLogRuntime.cpp [NoUba]
[892/1018] Compile [x64] Module.RigLogicModule.cpp [NoUba]
[893/1018] Compile [x64] Module.RigVM.1.cpp [NoUba]
[894/1018] Compile [x64] Module.RigVM.2.cpp [NoUba]
[895/1018] Compile [x64] Module.RigLogicLib.cpp [NoUba]
[896/1018] Copy RigVM.natvis [NoUba]
[897/1018] Compile [x64] Module.RigidPhysics.cpp [NoUba]
[898/1018] Copy RigidPhysics.natvis [NoUba]
[899/1018] Compile [x64] Module.RigVM.4.cpp [NoUba]
[900/1018] Compile [x64] Module.SSL.cpp [NoUba]
[901/1018] Compile [x64] Module.SandboxFile.cpp [NoUba]
[902/1018] Compile [x64] Module.RuntimeTelemetry.cpp [NoUba]
[903/1018] Compile [x64] Module.ScreenShotComparisonTools.cpp [NoUba]
[904/1018] Compile [x64] Module.RigVM.3.cpp [NoUba]
[905/1018] Compile [x64] Module.Scribble.cpp [NoUba]
[906/1018] Compile [x64] Module.SequenceRuntimeRecorder.cpp [NoUba]
[907/1018] Compile [x64] Module.SerializedRecorderInterface.cpp [NoUba]
[908/1018] Compile [x64] Module.SessionMessages.cpp [NoUba]
[909/1018] Compile [x64] Module.Serialization.cpp [NoUba]
[910/1018] Compile [x64] Module.SessionServices.cpp [NoUba]
[911/1018] Compile [x64] Module.Settings.cpp [NoUba]
[912/1018] Compile [x86-64] FloatArrayMath.ispc [NoUba]
[913/1018] Compile [x64] Module.SequencerScripting.cpp [NoUba]
[914/1018] Compile [x64] Module.SignalProcessing.1.cpp [NoUba]
[915/1018] Compile [x64] Module.SignalProcessing.3.cpp [NoUba]
[916/1018] Compile [x64] Module.SignalProcessing.2.cpp [NoUba]
[917/1018] Compile [x64] Module.SignificanceManager.cpp [NoUba]
[918/1018] Compile [x64] Module.SkeletalMerging.cpp [NoUba]
[919/1018] Compile [x64] Module.SlateCore.1.cpp [NoUba]
[920/1018] Compile [x64] Module.SkeletalMeshDescription.cpp [NoUba]
[921/1018] Compile [x64] Module.SlateCore.2.cpp [NoUba]
[922/1018] Compile [x64] Module.SlateCore.3.cpp [NoUba]
[923/1018] Compile [x64] Module.SlateCore.5.cpp [NoUba]
[924/1018] Compile [x64] Module.SlateCore.4.cpp [NoUba]
[925/1018] Compile [x64] Module.Slate.1.cpp [NoUba]
[926/1018] Compile [x64] Module.SlateReflector.cpp [NoUba]
[927/1018] Compile [x64] Module.Slate.2.cpp [NoUba]
[928/1018] Compile [x64] Module.Slate.3.cpp [NoUba]
[929/1018] Compile [x64] Module.Slate.4.cpp [NoUba]
[930/1018] Compile [x64] Module.Slate.6.cpp [NoUba]
[931/1018] Compile [x64] Module.Slate.5.cpp [NoUba]
[932/1018] Compile [x64] Module.Sockets.cpp [NoUba]
[933/1018] Compile [x64] Module.Slate.7.cpp [NoUba]
[934/1018] Compile [x64] Module.SoundFields.cpp [NoUba]
[935/1018] Compile [x64] Module.SoundFieldRendering.cpp [NoUba]
[936/1018] Compile [x64] Module.StateStream.cpp [NoUba]
[937/1018] Compile [x64] Module.SourceControl.cpp [NoUba]
[938/1018] Compile [x64] Module.StateTreeDeveloper.cpp [NoUba]
[939/1018] Copy StateTree.natvis [NoUba]
[940/1018] Compile [x64] Module.StateTreeModule.2.cpp [NoUba]
[941/1018] Compile [x64] Module.StaticMeshDescription.cpp [NoUba]
[942/1018] Compile [x64] Module.StateTreeModule.1.cpp [NoUba]
[943/1018] Compile [x64] Module.StreamingFile.cpp [NoUba]
[944/1018] Compile [x64] Module.StorageServerClientDebug.cpp [NoUba]
[945/1018] Compile [x64] Module.StudioTelemetry.cpp [NoUba]
[946/1018] Compile [x64] Module.StreamingPauseRendering.cpp [NoUba]
[947/1018] Compile [x64] Module.StorageServerClient.cpp [NoUba]
[948/1018] Compile [x64] Module.SynthBenchmark.cpp [NoUba]
[949/1018] Compile [x64] Module.TakeMovieScene.cpp [NoUba]
[950/1018] Compile [x64] Module.TakeRecorderNamingTokens.cpp [NoUba]
[951/1018] Compile [x64] Module.Synthesis.cpp [NoUba]
[952/1018] Compile [x64] Module.TakeRecorder.cpp [NoUba]
[953/1018] Compile [x64] Module.TakeRecorderSources.cpp [NoUba]
[954/1018] Compile [x64] Module.TcpMessaging.cpp [NoUba]
[955/1018] Compile [x64] Module.TelemetryUtils.cpp [NoUba]
[956/1018] Compile [x64] Module.TakesCore.cpp [NoUba]
[957/1018] Compile [x64] Module.TakeTrackRecorders.cpp [NoUba]
[958/1018] Compile [x64] Module.TextureUtilitiesCommon.cpp [NoUba]
[959/1018] Compile [x64] Module.TemplateSequence.cpp [NoUba]
[960/1018] Compile [x64] Module.TimeManagement.cpp [NoUba]
[961/1018] Compile [x64] Module.TmvMediaShaders.cpp [NoUba]
[962/1018] Compile [x64] Module.TmvMediaMp4Utils.cpp [NoUba]
[963/1018] Compile [x64] Module.ToolMenus.cpp [NoUba]
[964/1018] Compile [x64] Module.TraceBasedDebuggers.cpp [NoUba]
[965/1018] Compile [x64] Module.TraceLog.cpp [NoUba]
[966/1018] Compile [x64] Module.ToolWidgets.cpp [NoUba]
[967/1018] Compile [x64] Module.TraceUtilities.cpp [NoUba]
[968/1018] Compile [x64] Module.TmvMedia.cpp [NoUba]
[969/1018] Compile [x64] Module.TweeningUtils.cpp [NoUba]
[970/1018] Compile [x64] Module.TypedElementRuntime.cpp [NoUba]
[971/1018] Compile [x86-64] ConvertRotationSpace.ispc [NoUba]
[972/1018] Compile [x64] Module.TranslationEditor.cpp [NoUba]
[973/1018] Compile [x86-64] DeadBlending.ispc [NoUba]
[974/1018] Compile [x64] Module.TypedElementFramework.cpp [NoUba]
[975/1018] Compile [x64] Module.UAFAnimGraph.1.cpp [NoUba]
[976/1018] Copy UAFAnimGraph.natvis [NoUba]
[977/1018] Compile [x64] Module.UAFAnimGraph.2.cpp [NoUba]
[978/1018] Compile [x64] Module.UAFAnimGraph.3.cpp [NoUba]
[979/1018] Compile [x64] Module.UAF.3.cpp [NoUba]
[980/1018] Copy UAF.natvis [NoUba]
[981/1018] Compile [x64] Module.UELibSampleRate.cpp [NoUba]
[982/1018] Compile [x64] Module.UAF.1.cpp [NoUba]
[983/1018] Compile [x64] Module.UAF.2.cpp [NoUba]
[984/1018] Compile [x64] Module.UIExtension.cpp [NoUba]
[985/1018] Compile [x64] Module.UMG.3.cpp [NoUba]
[986/1018] Compile [x64] Module.UObjectPlugin.cpp [NoUba]
[987/1018] Compile [x64] Module.UMG.2.cpp [NoUba]
[988/1018] Compile [x64] Module.UniversalObjectLocator.cpp [NoUba]
[989/1018] Copy UniversalObjectLocator.natvis [NoUba]
[990/1018] Compile [x64] Module.UdpMessaging.cpp [NoUba]
[991/1018] Compile [x64] Module.UMG.1.cpp [NoUba]
[992/1018] Compile [x64] Module.VariantManagerContent.cpp [NoUba]
[993/1018] Compile [x64] Module.VorbisAudioDecoder.cpp [NoUba]
[994/1018] Compile [x64] Module.Voice.cpp [NoUba]
[995/1018] Compile [x64] Module.Voronoi.cpp [NoUba]
[996/1018] Compile [x64] c_loops.cc [NoUba]
[997/1018] Compile [x64] Module.VectorVM.cpp [NoUba]
[998/1018] Compile [x64] container.cc [NoUba]
[999/1018] Compile [x64] pre_container.cc [NoUba]
[1000/1018] Compile [x64] cell.cc [NoUba]
[1001/1018] Compile [x64] v_base.cc [NoUba]
[1002/1018] Compile [x64] unitcell.cc [NoUba]
[1003/1018] Compile [x64] v_compute.cc [NoUba]
[1004/1018] Compile [x64] wall.cc [NoUba]
[1005/1018] Compile [x64] Module.Water.3.cpp [NoUba]
[1006/1018] Compile [x64] Module.Water.2.cpp [NoUba]
[1007/1018] Compile [x64] Module.WidgetCarousel.cpp [NoUba]
[1008/1018] Compile [x64] Module.WaveTable.cpp [NoUba]
[1009/1018] Compile [x64] Module.Water.1.cpp [NoUba]
[1010/1018] Compile [x64] Module.WindowsD3D.cpp [NoUba]
[1011/1018] Compile [x64] Module.WindowsDeviceProfileSelector.cpp [NoUba]
[1012/1018] Compile [x64] Module.WorldMetricsCore.cpp [NoUba]
[1013/1018] Compile [x64] Module.WindowsMoviePlayer.cpp [NoUba]
[1014/1018] Compile [x64] Module.WorldMetricsTest.cpp [NoUba]
[1015/1018] Compile [x64] Module.XInputDevice.cpp [NoUba]
[1016/1018] Compile [x64] Module.XmlParser.cpp [NoUba]
[1017/1018] Link [x64] MMORPGServer.exe [NoUba]
  ￦ﾭﾣ￥ﾜﾨ￥ﾈﾛ￥ﾻﾺ￥ﾺﾓ F:\UE\LyraDocLabs\MMORPG\Binaries\Win64\MMORPGServer.lib ￥ﾒﾌ￥ﾯﾹ￨ﾱﾡ F:\UE\LyraDocLabs\MMORPG\Binaries\Win64\MMORPGServer.exp
[1018/1018] WriteMetadata MMORPGServer.target [NoUba]

Total time in Unreal Build Accelerator local executor: 2670.77 seconds
Output binary: F:\UE\LyraDocLabs\MMORPG\Binaries\Win64\MMORPGServer.exe

Result: Succeeded
Total execution time: 2681.20 seconds
Trace written to file E:\UnrealEngine\Engine\Programs\UnrealBuildTool\Trace.uba with size 373.6kb
