Using bundled DotNet SDK version: 10.0 win-x64
UnrealBuildTool is up-to-date
Running UnrealBuildTool: dotnet "..\..\Engine\Binaries\DotNET\UnrealBuildTool\UnrealBuildTool.dll" MMORPGServer Win64 Development -Project=F:/UE/LyraDocLabs/MMORPG/MMORPG.uproject -WaitMutex -NoHotReloadFromIDE -MaxParallelActions=3 -NoUBA
Log file: E:\UnrealEngine\Engine\Programs\UnrealBuildTool\Log.txt
Executing up to 3 actions based on MaxProcessorCount override
Using 'git status' to determine working set for adaptive non-unity build (E:\UnrealEngine).
UbaSessionServer - Disable remote execution (remote sessions will finish current processes)
Waiting for 'git status' command to complete
Building MMORPGServer...
===== Toolchain Information =====
Using ISPC compiler (E:\UnrealEngine\Engine\Source\ThirdParty\Intel\ISPC\bin\Windows\ispc.exe)
  Intel(r) Implicit SPMD Program Compiler (Intel(r) ISPC), 1.24.0 (build commit  @ 20250404, LLVM 18.1.2) 
Using Visual Studio 14.50.35737 toolchain (D:\program\0-editer\vs\VC\Tools\MSVC\14.50.35717) and Windows 10.0.22621.0 SDK (C:\Program Files (x86)\Windows Kits\10).
=================================
Using Unreal Build Accelerator local executor to run 3 action(s)
  CPU 6 physical cores, 12 logical cores
  Memory 31.82 GB physical, 31.91 GB/49.82 GB committed
  UBA Storage capacity 40 GB
[1/3] Compile [x64] Module.MMOCore.cpp [NoUba]
[2/3] Link [x64] MMORPGServer.exe [NoUba]
  ￦ﾭﾣ￥ﾜﾨ￥ﾈﾛ￥ﾻﾺ￥ﾺﾓ F:\UE\LyraDocLabs\MMORPG\Binaries\Win64\MMORPGServer.lib ￥ﾒﾌ￥ﾯﾹ￨ﾱﾡ F:\UE\LyraDocLabs\MMORPG\Binaries\Win64\MMORPGServer.exp
[3/3] WriteMetadata MMORPGServer.target [NoUba]

Total time in Unreal Build Accelerator local executor: 44.09 seconds
Output binary: F:\UE\LyraDocLabs\MMORPG\Binaries\Win64\MMORPGServer.exe

Result: Succeeded
Total execution time: 46.02 seconds
Trace written to file E:\UnrealEngine\Engine\Programs\UnrealBuildTool\Trace.uba with size 7.8kb
