Using bundled DotNet SDK version: 10.0 win-x64
UnrealBuildTool is up-to-date
Running UnrealBuildTool: dotnet "..\..\Engine\Binaries\DotNET\UnrealBuildTool\UnrealBuildTool.dll" LyraEditor Win64 Development -Project=F:\UE\LyraDocLabs\LyraTraining\LyraStarterGame.uproject -EnablePlugin=BlueprintScreenshotTool+LyraDocTools+TrainingRange+ModelContextProtocol+ToolsetRegistry+AllToolsets -WaitMutex -NoHotReloadFromIDE -NoUBA -MaxParallelActions=3
Log file: E:\UnrealEngine\Engine\Programs\UnrealBuildTool\Log.txt
Executing up to 3 actions based on MaxProcessorCount override
Using 'git status' to determine working set for adaptive non-unity build (E:\UnrealEngine).
UbaSessionServer - Disable remote execution (remote sessions will finish current processes)
Compiling GameFeaturePlugins in branch UE5
Creating makefile for LyraEditor (command line arguments changed)
Building LyraEditor...
===== Toolchain Information =====
Using ISPC compiler (E:\UnrealEngine\Engine\Source\ThirdParty\Intel\ISPC\bin\Windows\ispc.exe)
  Intel(r) Implicit SPMD Program Compiler (Intel(r) ISPC), 1.24.0 (build commit  @ 20250404, LLVM 18.1.2) 
Using Visual Studio 14.50.35737 toolchain (D:\program\0-editer\vs\VC\Tools\MSVC\14.50.35717) and Windows 10.0.22621.0 SDK (C:\Program Files (x86)\Windows Kits\10).
=================================
Using Unreal Build Accelerator local executor to run 2 action(s)
  CPU 6 physical cores, 12 logical cores
  Memory 31.82 GB physical, 32.36 GB/49.82 GB committed
  UBA Storage capacity 40 GB
[1/2] WriteMetadata UnrealEditor.version (LyraEditor) [NoUba]
[2/2] WriteMetadata LyraEditor.target [NoUba]

Total time in Unreal Build Accelerator local executor: 1.40 seconds
Output binary: E:\UnrealEngine\Engine\Binaries\Win64\UnrealEditor.exe

Result: Succeeded
Total execution time: 4.95 seconds
Trace written to file E:\UnrealEngine\Engine\Programs\UnrealBuildTool\Trace.uba with size 3.5kb
