Using bundled DotNet SDK version: 10.0 win-x64
UnrealBuildTool is up-to-date
Running UnrealBuildTool: dotnet "..\..\Engine\Binaries\DotNET\UnrealBuildTool\UnrealBuildTool.dll" LyraEditor Win64 Development -Project=F:/UE/LyraDocLabs/LyraTraining/LyraStarterGame.uproject -EnablePlugin=BlueprintScreenshotTool -EnablePlugin=LyraDocTools -EnablePlugin=TrainingRange -NoUBA -MaxParallelActions=3 -WaitMutex
Log file: E:\UnrealEngine\Engine\Programs\UnrealBuildTool\Log.txt
Executing up to 3 actions based on MaxProcessorCount override
Using 'git status' to determine working set for adaptive non-unity build (E:\UnrealEngine).
UbaSessionServer - Disable remote execution (remote sessions will finish current processes)
Invalidating makefile for LyraEditor (LyraDocTools.Build.cs modified)
Compiling GameFeaturePlugins in branch UE5
UHT compiled-in object format Default
UHT processed LyraEditor in 5.0397162 seconds (3 generated files written)
Building LyraEditor...
===== Toolchain Information =====
Using ISPC compiler (E:\UnrealEngine\Engine\Source\ThirdParty\Intel\ISPC\bin\Windows\ispc.exe)
  Intel(r) Implicit SPMD Program Compiler (Intel(r) ISPC), 1.24.0 (build commit  @ 20250404, LLVM 18.1.2) 
Using Visual Studio 14.50.35737 toolchain (D:\program\0-editer\vs\VC\Tools\MSVC\14.50.35717) and Windows 10.0.22621.0 SDK (C:\Program Files (x86)\Windows Kits\10).
=================================
Using Unreal Build Accelerator local executor to run 4 action(s)
  CPU 6 physical cores, 12 logical cores
  Memory 31.82 GB physical, 31.94 GB/49.82 GB committed
  UBA Storage capacity 40 GB
[1/4] Compile [x64] Module.LyraDocTools.cpp [NoUba]
[2/4] Link [x64] UnrealEditor-LyraDocTools.lib [NoUba]
  ￦ﾭﾣ￥ﾜﾨ￥ﾈﾛ￥ﾻﾺ￥ﾺﾓ F:/UE/LyraDocLabs/LyraTraining/Plugins/LyraDocTools/Intermediate/Build/Win64/x64/UnrealEditor/Development/LyraDocTools/UnrealEditor-LyraDocTools.lib ￥ﾒﾌ￥ﾯﾹ￨ﾱﾡ F:/UE/LyraDocLabs/LyraTraining/Plugins/LyraDocTools/Intermediate/Build/Win64/x64/UnrealEditor/Development/LyraDocTools/UnrealEditor-LyraDocTools.exp
[3/4] Link [x64] UnrealEditor-LyraDocTools.dll [NoUba]
[4/4] WriteMetadata LyraEditor.target [NoUba]

Total time in Unreal Build Accelerator local executor: 7.36 seconds
Output binary: E:\UnrealEngine\Engine\Binaries\Win64\UnrealEditor.exe

Result: Succeeded
Total execution time: 16.89 seconds
Trace written to file E:\UnrealEngine\Engine\Programs\UnrealBuildTool\Trace.uba with size 5.1kb
