Using bundled DotNet SDK version: 10.0 win-x64
UnrealBuildTool is up-to-date
Running UnrealBuildTool: dotnet "..\..\Engine\Binaries\DotNET\UnrealBuildTool\UnrealBuildTool.dll" UnrealPak Win64 Development -WaitMutex -NoHotReloadFromIDE -MaxParallelActions=3 -NoUBA
Log file: E:\UnrealEngine\Engine\Programs\UnrealBuildTool\Log.txt
Executing up to 3 actions based on MaxProcessorCount override
Using 'git status' to determine working set for adaptive non-unity build (E:\UnrealEngine).
Creating makefile for UnrealPak (no existing makefile)
UbaSessionServer - Disable remote execution (remote sessions will finish current processes)
UHT compiled-in object format Default
Waiting for 'git status' command to complete
Building UnrealPak...
===== Toolchain Information =====
Using ISPC compiler (E:\UnrealEngine\Engine\Source\ThirdParty\Intel\ISPC\bin\Windows\ispc.exe)
  Intel(r) Implicit SPMD Program Compiler (Intel(r) ISPC), 1.24.0 (build commit  @ 20250404, LLVM 18.1.2) 
Using Visual Studio 14.50.35737 toolchain (D:\program\0-editer\vs\VC\Tools\MSVC\14.50.35717) and Windows 10.0.22621.0 SDK (C:\Program Files (x86)\Windows Kits\10).
=================================
Using Unreal Build Accelerator local executor to run 345 action(s)
  CPU 6 physical cores, 12 logical cores
  Memory 31.82 GB physical, 30.35 GB/49.82 GB committed
  UBA Storage capacity 40 GB
[1/345] Compile [x64] SharedPCH.Core.Cpp20.cpp [NoUba]
[2/345] Compile [x64] PCH.Core.cpp [NoUba]
[3/345] Compile [x64] SharedPCH.CoreUObject.Cpp20.cpp [NoUba]
[4/345] Compile [x64] SharedPCH.Core.Exceptions.Cpp20.cpp [NoUba]
[5/345] Compile Resource [x64] Default.rc2 [NoUba]
[6/345] Convert Resource [x64] Default.rc2.res [NoUba]
[7/345] Compile [x64] PCH.CoreUObject.cpp [NoUba]
[8/345] Compile [x64] MiMalloc.c [NoUba]
[9/345] Compile [x64] SharedPCH.Slate.Cpp20.cpp [NoUba]
[10/345] Compile [x64] Module.Core.1.cpp [NoUba]
[11/345] Compile [x64] Module.Core.10.cpp [NoUba]
[12/345] Compile [x64] Module.Core.12.cpp [NoUba]
[13/345] Compile [x64] Module.Core.13.cpp [NoUba]
[14/345] Compile [x64] Module.Core.11.cpp [NoUba]
[15/345] Compile [x64] Module.Core.14.cpp [NoUba]
[16/345] Compile [x64] Module.Core.15.cpp [NoUba]
[17/345] Compile [x64] Module.Core.16.cpp [NoUba]
[18/345] Compile [x64] Module.Core.19.cpp [NoUba]
[19/345] Compile [x64] Module.Core.18.cpp [NoUba]
[20/345] Compile [x64] Module.Core.17.cpp [NoUba]
[21/345] Compile [x64] Module.Core.3.cpp [NoUba]
[22/345] Compile [x64] Module.Core.4.cpp [NoUba]
[23/345] Compile [x64] Module.Core.20.cpp [NoUba]
[24/345] Compile [x64] Module.Core.5.cpp [NoUba]
[25/345] Compile [x64] Module.Core.6.cpp [NoUba]
[26/345] Compile [x64] Module.Core.2.cpp [NoUba]
[27/345] Compile [x64] Module.Core.7.cpp [NoUba]
[28/345] Compile [x64] Module.Core.8.cpp [NoUba]
[29/345] Compile [x64] Module.CoreUObject.10.cpp [NoUba]
[30/345] Compile [x64] Module.Core.9.cpp [NoUba]
[31/345] Link [x64] UnrealPak-Core.lib [NoUba]
  ￦ﾭﾣ￥ﾜﾨ￥ﾈﾛ￥ﾻﾺ￥ﾺﾓ ../Intermediate/Build/Win64/x64/UnrealPak/Development/Core/UnrealPak-Core.lib ￥ﾒﾌ￥ﾯﾹ￨ﾱﾡ ../Intermediate/Build/Win64/x64/UnrealPak/Development/Core/UnrealPak-Core.exp
[32/345] Compile [x64] Module.CoreUObject.1.cpp [NoUba]
[33/345] Compile [x64] Module.CoreUObject.11.cpp [NoUba]
[34/345] Compile [x64] Module.CoreUObject.12.cpp [NoUba]
[35/345] Compile [x64] Module.CoreUObject.15.cpp [NoUba]
[36/345] Compile [x64] Module.CoreUObject.13.cpp [NoUba]
[37/345] Compile [x64] Module.CoreUObject.16.cpp [NoUba]
[38/345] Compile [x64] Module.CoreUObject.14.cpp [NoUba]
[39/345] Compile [x64] Module.CoreUObject.17.cpp [NoUba]
[40/345] Compile [x64] Module.CoreUObject.18.cpp [NoUba]
[41/345] Compile [x64] Module.CoreUObject.19.cpp [NoUba]
[42/345] Compile [x64] Module.CoreUObject.2.cpp [NoUba]
[43/345] Compile [x64] Module.CoreUObject.3.cpp [NoUba]
[44/345] Compile [x64] Module.CoreUObject.5.cpp [NoUba]
[45/345] Compile [x64] Module.CoreUObject.4.cpp [NoUba]
[46/345] Compile [x64] Module.CoreUObject.6.cpp [NoUba]
[47/345] Compile [x64] Module.CoreUObject.8.cpp [NoUba]
[48/345] Compile [x64] Module.DesktopPlatform.cpp [NoUba]
[49/345] Link [x64] UnrealPak-DesktopPlatform.lib [NoUba]
  ￦ﾭﾣ￥ﾜﾨ￥ﾈﾛ￥ﾻﾺ￥ﾺﾓ ../Intermediate/Build/Win64/x64/UnrealPak/Development/DesktopPlatform/UnrealPak-DesktopPlatform.lib ￥ﾒﾌ￥ﾯﾹ￨ﾱﾡ ../Intermediate/Build/Win64/x64/UnrealPak/Development/DesktopPlatform/UnrealPak-DesktopPlatform.exp
[50/345] Compile [x64] Module.CoreUObject.9.cpp [NoUba]
[51/345] Compile [x64] Module.CoreUObject.7.cpp [NoUba]
[52/345] Link [x64] UnrealPak-CoreUObject.lib [NoUba]
  ￦ﾭﾣ￥ﾜﾨ￥ﾈﾛ￥ﾻﾺ￥ﾺﾓ ../Intermediate/Build/Win64/x64/UnrealPak/Development/CoreUObject/UnrealPak-CoreUObject.lib ￥ﾒﾌ￥ﾯﾹ￨ﾱﾡ ../Intermediate/Build/Win64/x64/UnrealPak/Development/CoreUObject/UnrealPak-CoreUObject.exp
[53/345] Compile [x64] Module.TargetPlatform.cpp [NoUba]
[54/345] Link [x64] UnrealPak-TargetPlatform.lib [NoUba]
  ￦ﾭﾣ￥ﾜﾨ￥ﾈﾛ￥ﾻﾺ￥ﾺﾓ ../Intermediate/Build/Win64/x64/UnrealPak/Development/TargetPlatform/UnrealPak-TargetPlatform.lib ￥ﾒﾌ￥ﾯﾹ￨ﾱﾡ ../Intermediate/Build/Win64/x64/UnrealPak/Development/TargetPlatform/UnrealPak-TargetPlatform.exp
[55/345] Compile [x64] Module.Projects.cpp [NoUba]
[56/345] Link [x64] UnrealPak-Projects.lib [NoUba]
  ￦ﾭﾣ￥ﾜﾨ￥ﾈﾛ￥ﾻﾺ￥ﾺﾓ ../Intermediate/Build/Win64/x64/UnrealPak/Development/Projects/UnrealPak-Projects.lib ￥ﾒﾌ￥ﾯﾹ￨ﾱﾡ ../Intermediate/Build/Win64/x64/UnrealPak/Development/Projects/UnrealPak-Projects.exp
[57/345] Compile [x64] Module.Json.cpp [NoUba]
[58/345] Link [x64] UnrealPak-Json.lib [NoUba]
  ￦ﾭﾣ￥ﾜﾨ￥ﾈﾛ￥ﾻﾺ￥ﾺﾓ ../Intermediate/Build/Win64/x64/UnrealPak/Development/Json/UnrealPak-Json.lib ￥ﾒﾌ￥ﾯﾹ￨ﾱﾡ ../Intermediate/Build/Win64/x64/UnrealPak/Development/Json/UnrealPak-Json.exp
[59/345] Link [x64] UnrealPak-Projects.dll [NoUba]
[60/345] Compile [x64] Module.ApplicationCore.cpp [NoUba]
[61/345] Link [x64] UnrealPak-ApplicationCore.lib [NoUba]
  ￦ﾭﾣ￥ﾜﾨ￥ﾈﾛ￥ﾻﾺ￥ﾺﾓ ../Intermediate/Build/Win64/x64/UnrealPak/Development/ApplicationCore/UnrealPak-ApplicationCore.lib ￥ﾒﾌ￥ﾯﾹ￨ﾱﾡ ../Intermediate/Build/Win64/x64/UnrealPak/Development/ApplicationCore/UnrealPak-ApplicationCore.exp
[62/345] Compile [x64] Module.TraceLog.cpp [NoUba]
[63/345] Link [x64] UnrealPak-TraceLog.lib [NoUba]
  ￦ﾭﾣ￥ﾜﾨ￥ﾈﾛ￥ﾻﾺ￥ﾺﾓ ../Intermediate/Build/Win64/x64/UnrealPak/Development/TraceLog/UnrealPak-TraceLog.lib ￥ﾒﾌ￥ﾯﾹ￨ﾱﾡ ../Intermediate/Build/Win64/x64/UnrealPak/Development/TraceLog/UnrealPak-TraceLog.exp
[64/345] Link [x64] UnrealPak-DesktopPlatform.dll [NoUba]
[65/345] Link [x64] UnrealPak-Json.dll [NoUba]
[66/345] Link [x64] UnrealPak-TraceLog.dll [NoUba]
[67/345] Compile [x64] Module.Analytics.cpp [NoUba]
[68/345] Link [x64] UnrealPak-Analytics.lib [NoUba]
  ￦ﾭﾣ￥ﾜﾨ￥ﾈﾛ￥ﾻﾺ￥ﾺﾓ ../Intermediate/Build/Win64/x64/UnrealPak/Development/Analytics/UnrealPak-Analytics.lib ￥ﾒﾌ￥ﾯﾹ￨ﾱﾡ ../Intermediate/Build/Win64/x64/UnrealPak/Development/Analytics/UnrealPak-Analytics.exp
[69/345] Link [x64] UnrealPak-Analytics.dll [NoUba]
[70/345] Compile [x64] Module.SlateCore.1.cpp [NoUba]
[71/345] Compile [x64] Module.SlateCore.3.cpp [NoUba]
[72/345] Compile [x64] Module.SlateCore.2.cpp [NoUba]
[73/345] Compile [x64] Module.AudioPlatformConfiguration.cpp [NoUba]
[74/345] Link [x64] UnrealPak-AudioPlatformConfiguration.lib [NoUba]
  ￦ﾭﾣ￥ﾜﾨ￥ﾈﾛ￥ﾻﾺ￥ﾺﾓ ../Intermediate/Build/Win64/x64/UnrealPak/Development/AudioPlatformConfiguration/UnrealPak-AudioPlatformConfiguration.lib ￥ﾒﾌ￥ﾯﾹ￨ﾱﾡ ../Intermediate/Build/Win64/x64/UnrealPak/Development/AudioPlatformConfiguration/UnrealPak-AudioPlatformConfiguration.exp
[75/345] Compile [x64] Module.SlateCore.5.cpp [NoUba]
[76/345] Compile [x64] Module.InputCore.cpp [NoUba]
[77/345] Link [x64] UnrealPak-InputCore.lib [NoUba]
  ￦ﾭﾣ￥ﾜﾨ￥ﾈﾛ￥ﾻﾺ￥ﾺﾓ ../Intermediate/Build/Win64/x64/UnrealPak/Development/InputCore/UnrealPak-InputCore.lib ￥ﾒﾌ￥ﾯﾹ￨ﾱﾡ ../Intermediate/Build/Win64/x64/UnrealPak/Development/InputCore/UnrealPak-InputCore.exp
[78/345] Link [x64] UnrealPak-InputCore.dll [NoUba]
[79/345] Compile [x64] Module.BuildSettings.cpp [NoUba]
[80/345] Link [x64] UnrealPak-BuildSettings.lib [NoUba]
  ￦ﾭﾣ￥ﾜﾨ￥ﾈﾛ￥ﾻﾺ￥ﾺﾓ ../Intermediate/Build/Win64/x64/UnrealPak/Development/BuildSettings/UnrealPak-BuildSettings.lib ￥ﾒﾌ￥ﾯﾹ￨ﾱﾡ ../Intermediate/Build/Win64/x64/UnrealPak/Development/BuildSettings/UnrealPak-BuildSettings.exp
[81/345] Link [x64] UnrealPak-BuildSettings.dll [NoUba]
[82/345] Compile [x64] Module.Sockets.cpp [NoUba]
[83/345] Link [x64] UnrealPak-Sockets.lib [NoUba]
  ￦ﾭﾣ￥ﾜﾨ￥ﾈﾛ￥ﾻﾺ￥ﾺﾓ ../Intermediate/Build/Win64/x64/UnrealPak/Development/Sockets/UnrealPak-Sockets.lib ￥ﾒﾌ￥ﾯﾹ￨ﾱﾡ ../Intermediate/Build/Win64/x64/UnrealPak/Development/Sockets/UnrealPak-Sockets.exp
[84/345] Compile [x64] Module.DeveloperSettings.cpp [NoUba]
[85/345] Link [x64] UnrealPak-DeveloperSettings.lib [NoUba]
  ￦ﾭﾣ￥ﾜﾨ￥ﾈﾛ￥ﾻﾺ￥ﾺﾓ ../Intermediate/Build/Win64/x64/UnrealPak/Development/DeveloperSettings/UnrealPak-DeveloperSettings.lib ￥ﾒﾌ￥ﾯﾹ￨ﾱﾡ ../Intermediate/Build/Win64/x64/UnrealPak/Development/DeveloperSettings/UnrealPak-DeveloperSettings.exp
[86/345] Link [x64] UnrealPak-DeveloperSettings.dll [NoUba]
[87/345] Compile [x64] Module.SlateCore.4.cpp [NoUba]
[88/345] Link [x64] UnrealPak-SlateCore.lib [NoUba]
  ￦ﾭﾣ￥ﾜﾨ￥ﾈﾛ￥ﾻﾺ￥ﾺﾓ ../Intermediate/Build/Win64/x64/UnrealPak/Development/SlateCore/UnrealPak-SlateCore.lib ￥ﾒﾌ￥ﾯﾹ￨ﾱﾡ ../Intermediate/Build/Win64/x64/UnrealPak/Development/SlateCore/UnrealPak-SlateCore.exp
[89/345] Compile [x64] Module.RSA.cpp [NoUba]
[90/345] Link [x64] UnrealPak-RSA.lib [NoUba]
  ￦ﾭﾣ￥ﾜﾨ￥ﾈﾛ￥ﾻﾺ￥ﾺﾓ ../Intermediate/Build/Win64/x64/UnrealPak/Development/RSA/UnrealPak-RSA.lib ￥ﾒﾌ￥ﾯﾹ￨ﾱﾡ ../Intermediate/Build/Win64/x64/UnrealPak/Development/RSA/UnrealPak-RSA.exp
[91/345] Link [x64] UnrealPak-RSA.dll [NoUba]
[92/345] Compile [x64] Module.HTTP.cpp [NoUba]
[93/345] Link [x64] UnrealPak-HTTP.lib [NoUba]
  ￦ﾭﾣ￥ﾜﾨ￥ﾈﾛ￥ﾻﾺ￥ﾺﾓ ../Intermediate/Build/Win64/x64/UnrealPak/Development/HTTP/UnrealPak-HTTP.lib ￥ﾒﾌ￥ﾯﾹ￨ﾱﾡ ../Intermediate/Build/Win64/x64/UnrealPak/Development/HTTP/UnrealPak-HTTP.exp
[94/345] Compile [x64] Module.SSL.cpp [NoUba]
[95/345] Link [x64] UnrealPak-SSL.lib [NoUba]
  ￦ﾭﾣ￥ﾜﾨ￥ﾈﾛ￥ﾻﾺ￥ﾺﾓ ../Intermediate/Build/Win64/x64/UnrealPak/Development/SSL/UnrealPak-SSL.lib ￥ﾒﾌ￥ﾯﾹ￨ﾱﾡ ../Intermediate/Build/Win64/x64/UnrealPak/Development/SSL/UnrealPak-SSL.exp
[96/345] Link [x64] UnrealPak-SSL.dll [NoUba]
[97/345] Compile [x64] Module.PakFile.cpp [NoUba]
[98/345] Link [x64] UnrealPak-PakFile.lib [NoUba]
  ￦ﾭﾣ￥ﾜﾨ￥ﾈﾛ￥ﾻﾺ￥ﾺﾓ ../Intermediate/Build/Win64/x64/UnrealPak/Development/PakFile/UnrealPak-PakFile.lib ￥ﾒﾌ￥ﾯﾹ￨ﾱﾡ ../Intermediate/Build/Win64/x64/UnrealPak/Development/PakFile/UnrealPak-PakFile.exp
[99/345] Link [x64] UnrealPak-PakFile.dll [NoUba]
[100/345] Compile [x64] Module.Slate.1.cpp [NoUba]
[101/345] Compile [x64] Module.Slate.2.cpp [NoUba]
[102/345] Compile [x64] Module.Slate.3.cpp [NoUba]
[103/345] Compile [x64] Module.Slate.4.cpp [NoUba]
[104/345] Compile [x64] Module.Slate.6.cpp [NoUba]
[105/345] Compile [x64] Module.Slate.7.cpp [NoUba]
[106/345] Compile [x64] Module.Slate.5.cpp [NoUba]
[107/345] Link [x64] UnrealPak-Slate.lib [NoUba]
  ￦ﾭﾣ￥ﾜﾨ￥ﾈﾛ￥ﾻﾺ￥ﾺﾓ ../Intermediate/Build/Win64/x64/UnrealPak/Development/Slate/UnrealPak-Slate.lib ￥ﾒﾌ￥ﾯﾹ￨ﾱﾡ ../Intermediate/Build/Win64/x64/UnrealPak/Development/Slate/UnrealPak-Slate.exp
[108/345] Compile [x64] Module.Zen.cpp [NoUba]
[109/345] Link [x64] UnrealPak-Zen.lib [NoUba]
  ￦ﾭﾣ￥ﾜﾨ￥ﾈﾛ￥ﾻﾺ￥ﾺﾓ ../Intermediate/Build/Win64/x64/UnrealPak/Development/Zen/UnrealPak-Zen.lib ￥ﾒﾌ￥ﾯﾹ￨ﾱﾡ ../Intermediate/Build/Win64/x64/UnrealPak/Development/Zen/UnrealPak-Zen.exp
[110/345] Compile [x64] Module.AssetRegistry.1.cpp [NoUba]
[111/345] Compile [x64] Module.AssetRegistry.3.cpp [NoUba]
[112/345] Compile [x64] Module.AssetRegistry.2.cpp [NoUba]
[113/345] Compile [x64] Module.AssetRegistry.4.cpp [NoUba]
[114/345] Link [x64] UnrealPak-AssetRegistry.lib [NoUba]
  ￦ﾭﾣ￥ﾜﾨ￥ﾈﾛ￥ﾻﾺ￥ﾺﾓ ../Intermediate/Build/Win64/x64/UnrealPak/Development/AssetRegistry/UnrealPak-AssetRegistry.lib ￥ﾒﾌ￥ﾯﾹ￨ﾱﾡ ../Intermediate/Build/Win64/x64/UnrealPak/Development/AssetRegistry/UnrealPak-AssetRegistry.exp
[115/345] Compile [x64] Module.DerivedDataCache.3.cpp [NoUba]
[116/345] Compile [x64] Module.DevHttp.cpp [NoUba]
[117/345] Link [x64] UnrealPak-DevHttp.lib [NoUba]
  ￦ﾭﾣ￥ﾜﾨ￥ﾈﾛ￥ﾻﾺ￥ﾺﾓ ../Intermediate/Build/Win64/x64/UnrealPak/Development/DevHttp/UnrealPak-DevHttp.lib ￥ﾒﾌ￥ﾯﾹ￨ﾱﾡ ../Intermediate/Build/Win64/x64/UnrealPak/Development/DevHttp/UnrealPak-DevHttp.exp
[118/345] Compile [x64] Module.DerivedDataCache.1.cpp [NoUba]
[119/345] Link [x64] UnrealPak-DevHttp.dll [NoUba]
[120/345] Compile [x64] Module.DerivedDataCache.2.cpp [NoUba]
[121/345] Link [x64] UnrealPak-DerivedDataCache.lib [NoUba]
  ￦ﾭﾣ￥ﾜﾨ￥ﾈﾛ￥ﾻﾺ￥ﾺﾓ ../Intermediate/Build/Win64/x64/UnrealPak/Development/DerivedDataCache/UnrealPak-DerivedDataCache.lib ￥ﾒﾌ￥ﾯﾹ￨ﾱﾡ ../Intermediate/Build/Win64/x64/UnrealPak/Development/DerivedDataCache/UnrealPak-DerivedDataCache.exp
[122/345] Link [x64] UnrealPak-DerivedDataCache.dll [NoUba]
[123/345] Compile [x64] Module.RHI.2.cpp [NoUba]
[124/345] Compile [x64] Module.RHI.3.cpp [NoUba]
[125/345] Compile [x64] Module.RHI.1.cpp [NoUba]
[126/345] Link [x64] UnrealPak-RHI.lib [NoUba]
  ￦ﾭﾣ￥ﾜﾨ￥ﾈﾛ￥ﾻﾺ￥ﾺﾓ ../Intermediate/Build/Win64/x64/UnrealPak/Development/RHI/UnrealPak-RHI.lib ￥ﾒﾌ￥ﾯﾹ￨ﾱﾡ ../Intermediate/Build/Win64/x64/UnrealPak/Development/RHI/UnrealPak-RHI.exp
[127/345] Compile [x64] Module.RenderCore.2.cpp [NoUba]
[128/345] Compile [x64] Module.RenderCore.1.cpp [NoUba]
[129/345] Compile [x64] Module.RenderCore.3.cpp [NoUba]
[130/345] Compile [x64] Module.RenderCore.4.cpp [NoUba]
[131/345] Compile [x64] Module.RenderCore.6.cpp [NoUba]
[132/345] Compile [x64] Module.RenderCore.5.cpp [NoUba]
[133/345] Compile [x64] Module.StudioTelemetry.cpp [NoUba]
[134/345] Link [x64] UnrealPak-RenderCore.lib [NoUba]
  ￦ﾭﾣ￥ﾜﾨ￥ﾈﾛ￥ﾻﾺ￥ﾺﾓ ../Intermediate/Build/Win64/x64/UnrealPak/Development/RenderCore/UnrealPak-RenderCore.lib ￥ﾒﾌ￥ﾯﾹ￨ﾱﾡ ../Intermediate/Build/Win64/x64/UnrealPak/Development/RenderCore/UnrealPak-RenderCore.exp
[135/345] Link [x64] UnrealPak-StudioTelemetry.lib [NoUba]
  ￦ﾭﾣ￥ﾜﾨ￥ﾈﾛ￥ﾻﾺ￥ﾺﾓ ../Intermediate/Build/Win64/x64/UnrealPak/Development/StudioTelemetry/UnrealPak-StudioTelemetry.lib ￥ﾒﾌ￥ﾯﾹ￨ﾱﾡ ../Intermediate/Build/Win64/x64/UnrealPak/Development/StudioTelemetry/UnrealPak-StudioTelemetry.exp
[136/345] Link [x64] UnrealPak-Zen.dll [NoUba]
[137/345] Compile [x64] Module.SourceControl.cpp [NoUba]
[138/345] Link [x64] UnrealPak-SourceControl.lib [NoUba]
  ￦ﾭﾣ￥ﾜﾨ￥ﾈﾛ￥ﾻﾺ￥ﾺﾓ ../Intermediate/Build/Win64/x64/UnrealPak/Development/SourceControl/UnrealPak-SourceControl.lib ￥ﾒﾌ￥ﾯﾹ￨ﾱﾡ ../Intermediate/Build/Win64/x64/UnrealPak/Development/SourceControl/UnrealPak-SourceControl.exp
[139/345] Copy AssetRegistry.natvis [NoUba]
[140/345] Compile [x64] Module.AnalyticsET.cpp [NoUba]
[141/345] Link [x64] UnrealPak-AnalyticsET.lib [NoUba]
  ￦ﾭﾣ￥ﾜﾨ￥ﾈﾛ￥ﾻﾺ￥ﾺﾓ ../Intermediate/Build/Win64/x64/UnrealPak/Development/AnalyticsET/UnrealPak-AnalyticsET.lib ￥ﾒﾌ￥ﾯﾹ￨ﾱﾡ ../Intermediate/Build/Win64/x64/UnrealPak/Development/AnalyticsET/UnrealPak-AnalyticsET.exp
[142/345] Link [x64] UnrealPak-SourceControl.dll [NoUba]
[143/345] Link [x64] UnrealPak-AnalyticsET.dll [NoUba]
[144/345] Compile [x64] Module.Cbor.cpp [NoUba]
[145/345] Link [x64] UnrealPak-Cbor.lib [NoUba]
  ￦ﾭﾣ￥ﾜﾨ￥ﾈﾛ￥ﾻﾺ￥ﾺﾓ ../Intermediate/Build/Win64/x64/UnrealPak/Development/Cbor/UnrealPak-Cbor.lib ￥ﾒﾌ￥ﾯﾹ￨ﾱﾡ ../Intermediate/Build/Win64/x64/UnrealPak/Development/Cbor/UnrealPak-Cbor.exp
[146/345] Link [x64] UnrealPak-Cbor.dll [NoUba]
[147/345] Compile [x64] Module.AutoRTFM.cpp [NoUba]
[148/345] Link [x64] UnrealPak-AutoRTFM.lib [NoUba]
  ￦ﾭﾣ￥ﾜﾨ￥ﾈﾛ￥ﾻﾺ￥ﾺﾓ ../Intermediate/Build/Win64/x64/UnrealPak/Development/AutoRTFM/UnrealPak-AutoRTFM.lib ￥ﾒﾌ￥ﾯﾹ￨ﾱﾡ ../Intermediate/Build/Win64/x64/UnrealPak/Development/AutoRTFM/UnrealPak-AutoRTFM.exp
[149/345] Compile [x64] Module.AndroidDeviceDetection.cpp [NoUba]
[150/345] Link [x64] UnrealPak-AndroidDeviceDetection.lib [NoUba]
  ￦ﾭﾣ￥ﾜﾨ￥ﾈﾛ￥ﾻﾺ￥ﾺﾓ ../Intermediate/Build/Win64/x64/UnrealPak/Development/Android/AndroidDeviceDetection/UnrealPak-AndroidDeviceDetection.lib ￥ﾒﾌ￥ﾯﾹ￨ﾱﾡ ../Intermediate/Build/Win64/x64/UnrealPak/Development/Android/AndroidDeviceDetection/UnrealPak-AndroidDeviceDetection.exp
[151/345] Compile [x64] Module.IOSTPSet.cpp [NoUba]
[152/345] Link [x64] UnrealPak-IOSTargetPlatformSettings.lib [NoUba]
  ￦ﾭﾣ￥ﾜﾨ￥ﾈﾛ￥ﾻﾺ￥ﾺﾓ ../Intermediate/Build/Win64/x64/UnrealPak/Development/IOS/IOSTPSet/UnrealPak-IOSTargetPlatformSettings.lib ￥ﾒﾌ￥ﾯﾹ￨ﾱﾡ ../Intermediate/Build/Win64/x64/UnrealPak/Development/IOS/IOSTPSet/UnrealPak-IOSTargetPlatformSettings.exp
[153/345] Link [x64] UnrealPak-IOSTargetPlatformSettings.dll [NoUba]
[154/345] Compile [x64] Module.DeveloperToolSettings.cpp [NoUba]
[155/345] Link [x64] UnrealPak-DeveloperToolSettings.lib [NoUba]
  ￦ﾭﾣ￥ﾜﾨ￥ﾈﾛ￥ﾻﾺ￥ﾺﾓ ../Intermediate/Build/Win64/x64/UnrealPak/Development/DeveloperToolSettings/UnrealPak-DeveloperToolSettings.lib ￥ﾒﾌ￥ﾯﾹ￨ﾱﾡ ../Intermediate/Build/Win64/x64/UnrealPak/Development/DeveloperToolSettings/UnrealPak-DeveloperToolSettings.exp
[156/345] Link [x64] UnrealPak-DeveloperToolSettings.dll [NoUba]
[157/345] Compile [x64] Module.NetCommon.cpp [NoUba]
[158/345] Link [x64] UnrealPak-NetCommon.lib [NoUba]
  ￦ﾭﾣ￥ﾜﾨ￥ﾈﾛ￥ﾻﾺ￥ﾺﾓ ../Intermediate/Build/Win64/x64/UnrealPak/Development/NetCommon/UnrealPak-NetCommon.lib ￥ﾒﾌ￥ﾯﾹ￨ﾱﾡ ../Intermediate/Build/Win64/x64/UnrealPak/Development/NetCommon/UnrealPak-NetCommon.exp
[159/345] Link [x64] UnrealPak-NetCommon.dll [NoUba]
[160/345] Link [x64] UnrealPak-Sockets.dll [NoUba]
[161/345] Copy RenderCore.natvis [NoUba]
[162/345] Compile [x64] Module.LinuxTPSet.cpp [NoUba]
[163/345] Link [x64] UnrealPak-LinuxTargetPlatformSettings.lib [NoUba]
  ￦ﾭﾣ￥ﾜﾨ￥ﾈﾛ￥ﾻﾺ￥ﾺﾓ ../Intermediate/Build/Win64/x64/UnrealPak/Development/Linux/LinuxTPSet/UnrealPak-LinuxTargetPlatformSettings.lib ￥ﾒﾌ￥ﾯﾹ￨ﾱﾡ ../Intermediate/Build/Win64/x64/UnrealPak/Development/Linux/LinuxTPSet/UnrealPak-LinuxTargetPlatformSettings.exp
[164/345] Link [x64] UnrealPak-LinuxTargetPlatformSettings.dll [NoUba]
[165/345] Compile [x64] Module.TelemetryUtils.cpp [NoUba]
[166/345] Link [x64] UnrealPak-TelemetryUtils.lib [NoUba]
  ￦ﾭﾣ￥ﾜﾨ￥ﾈﾛ￥ﾻﾺ￥ﾺﾓ ../Intermediate/Build/Win64/x64/UnrealPak/Development/TelemetryUtils/UnrealPak-TelemetryUtils.lib ￥ﾒﾌ￥ﾯﾹ￨ﾱﾡ ../Intermediate/Build/Win64/x64/UnrealPak/Development/TelemetryUtils/UnrealPak-TelemetryUtils.exp
[167/345] Compile [x64] Module.TurnkeyIO.cpp [NoUba]
[168/345] Link [x64] UnrealPak-TelemetryUtils.dll [NoUba]
[169/345] Link [x64] UnrealPak-AssetRegistry.dll [NoUba]
[170/345] Link [x64] UnrealPak-TurnkeyIO.lib [NoUba]
  ￦ﾭﾣ￥ﾜﾨ￥ﾈﾛ￥ﾻﾺ￥ﾺﾓ ../Intermediate/Build/Win64/x64/UnrealPak/Development/TurnkeyIO/UnrealPak-TurnkeyIO.lib ￥ﾒﾌ￥ﾯﾹ￨ﾱﾡ ../Intermediate/Build/Win64/x64/UnrealPak/Development/TurnkeyIO/UnrealPak-TurnkeyIO.exp
[171/345] Compile [x64] Module.ImageCore.cpp [NoUba]
[172/345] Link [x64] UnrealPak-TurnkeyIO.dll [NoUba]
[173/345] Link [x64] UnrealPak-ImageCore.lib [NoUba]
  ￦ﾭﾣ￥ﾜﾨ￥ﾈﾛ￥ﾻﾺ￥ﾺﾓ ../Intermediate/Build/Win64/x64/UnrealPak/Development/ImageCore/UnrealPak-ImageCore.lib ￥ﾒﾌ￥ﾯﾹ￨ﾱﾡ ../Intermediate/Build/Win64/x64/UnrealPak/Development/ImageCore/UnrealPak-ImageCore.exp
[174/345] Link [x64] UnrealPak-ImageCore.dll [NoUba]
[175/345] Compile [x64] Module.PlatformCryptoTypes.cpp [NoUba]
[176/345] Link [x64] UnrealPak-PlatformCryptoTypes.lib [NoUba]
  ￦ﾭﾣ￥ﾜﾨ￥ﾈﾛ￥ﾻﾺ￥ﾺﾓ ../Plugins/Experimental/PlatformCrypto/Intermediate/Build/Win64/x64/UnrealPak/Development/PlatformCryptoTypes/UnrealPak-PlatformCryptoTypes.lib ￥ﾒﾌ￥ﾯﾹ￨ﾱﾡ ../Plugins/Experimental/PlatformCrypto/Intermediate/Build/Win64/x64/UnrealPak/Development/PlatformCryptoTypes/UnrealPak-PlatformCryptoTypes.exp
[177/345] Link [x64] UnrealPak-PlatformCryptoTypes.dll [NoUba]
[178/345] Compile [x64] Module.WinTPSet.cpp [NoUba]
[179/345] Link [x64] UnrealPak-WindowsTargetPlatformSettings.lib [NoUba]
  ￦ﾭﾣ￥ﾜﾨ￥ﾈﾛ￥ﾻﾺ￥ﾺﾓ ../Intermediate/Build/Win64/x64/UnrealPak/Development/WinTPSet/UnrealPak-WindowsTargetPlatformSettings.lib ￥ﾒﾌ￥ﾯﾹ￨ﾱﾡ ../Intermediate/Build/Win64/x64/UnrealPak/Development/WinTPSet/UnrealPak-WindowsTargetPlatformSettings.exp
[180/345] Link [x64] UnrealPak-WindowsTargetPlatformSettings.dll [NoUba]
[181/345] Compile [x64] Module.AnalyticsCSV.cpp [NoUba]
[182/345] Link [x64] UnrealPak-AnalyticsCSV.lib [NoUba]
  ￦ﾭﾣ￥ﾜﾨ￥ﾈﾛ￥ﾻﾺ￥ﾺﾓ ../Intermediate/Build/Win64/x64/UnrealPak/Development/AnalyticsCSV/UnrealPak-AnalyticsCSV.lib ￥ﾒﾌ￥ﾯﾹ￨ﾱﾡ ../Intermediate/Build/Win64/x64/UnrealPak/Development/AnalyticsCSV/UnrealPak-AnalyticsCSV.exp
[183/345] Compile [x64] Module.AnalyticsHorde.cpp [NoUba]
[184/345] Link [x64] UnrealPak-AnalyticsCSV.dll [NoUba]
[185/345] Link [x64] UnrealPak-AnalyticsHorde.lib [NoUba]
  ￦ﾭﾣ￥ﾜﾨ￥ﾈﾛ￥ﾻﾺ￥ﾺﾓ ../Intermediate/Build/Win64/x64/UnrealPak/Development/AnalyticsHorde/UnrealPak-AnalyticsHorde.lib ￥ﾒﾌ￥ﾯﾹ￨ﾱﾡ ../Intermediate/Build/Win64/x64/UnrealPak/Development/AnalyticsHorde/UnrealPak-AnalyticsHorde.exp
[186/345] Link [x64] UnrealPak-AnalyticsHorde.dll [NoUba]
[187/345] Compile [x64] Module.WindowsD3D.cpp [NoUba]
[188/345] Link [x64] UnrealPak-WindowsD3D.lib [NoUba]
  ￦ﾭﾣ￥ﾜﾨ￥ﾈﾛ￥ﾻﾺ￥ﾺﾓ ../Intermediate/Build/Win64/x64/UnrealPak/Development/WindowsD3D/UnrealPak-WindowsD3D.lib ￥ﾒﾌ￥ﾯﾹ￨ﾱﾡ ../Intermediate/Build/Win64/x64/UnrealPak/Development/WindowsD3D/UnrealPak-WindowsD3D.exp
[189/345] Link [x64] UnrealPak-ApplicationCore.dll [NoUba]
[190/345] Compile [x64] Module.AnalyticsLog.cpp [NoUba]
[191/345] Link [x64] UnrealPak-RHI.dll [NoUba]
[192/345] Link [x64] UnrealPak-AnalyticsLog.lib [NoUba]
  ￦ﾭﾣ￥ﾜﾨ￥ﾈﾛ￥ﾻﾺ￥ﾺﾓ ../Intermediate/Build/Win64/x64/UnrealPak/Development/AnalyticsLog/UnrealPak-AnalyticsLog.lib ￥ﾒﾌ￥ﾯﾹ￨ﾱﾡ ../Intermediate/Build/Win64/x64/UnrealPak/Development/AnalyticsLog/UnrealPak-AnalyticsLog.exp
[193/345] Link [x64] UnrealPak-WindowsD3D.dll [NoUba]
[194/345] Link [x64] UnrealPak-AnalyticsLog.dll [NoUba]
[195/345] Copy AutoRTFM.natvis [NoUba]
[196/345] Link [x64] UnrealPak-AutoRTFM.dll [NoUba]
[197/345] Link [x64] UnrealPak-StudioTelemetry.dll [NoUba]
[198/345] Compile [x64] Module.AndTPSet.cpp [NoUba]
[199/345] Link [x64] UnrealPak-AndroidTargetPlatformSettings.lib [NoUba]
  ￦ﾭﾣ￥ﾜﾨ￥ﾈﾛ￥ﾻﾺ￥ﾺﾓ ../Intermediate/Build/Win64/x64/UnrealPak/Development/Android/AndTPSet/UnrealPak-AndroidTargetPlatformSettings.lib ￥ﾒﾌ￥ﾯﾹ￨ﾱﾡ ../Intermediate/Build/Win64/x64/UnrealPak/Development/Android/AndTPSet/UnrealPak-AndroidTargetPlatformSettings.exp
[200/345] Link [x64] UnrealPak-AndroidTargetPlatformSettings.dll [NoUba]
[201/345] Link [x64] UnrealPak-Core.dll [NoUba]
[202/345] Compile [x64] Module.CookMetadata.cpp [NoUba]
[203/345] Link [x64] UnrealPak-CookMetadata.lib [NoUba]
  ￦ﾭﾣ￥ﾜﾨ￥ﾈﾛ￥ﾻﾺ￥ﾺﾓ ../Intermediate/Build/Win64/x64/UnrealPak/Development/CookMetadata/UnrealPak-CookMetadata.lib ￥ﾒﾌ￥ﾯﾹ￨ﾱﾡ ../Intermediate/Build/Win64/x64/UnrealPak/Development/CookMetadata/UnrealPak-CookMetadata.exp
[204/345] Link [x64] UnrealPak-CookMetadata.dll [NoUba]
[205/345] Compile [x64] Module.CorePreciseFP.cpp [NoUba]
[206/345] Link [x64] UnrealPak-CorePreciseFP.lib [NoUba]
  ￦ﾭﾣ￥ﾜﾨ￥ﾈﾛ￥ﾻﾺ￥ﾺﾓ ../Intermediate/Build/Win64/x64/UnrealPak/Development/CorePreciseFP/UnrealPak-CorePreciseFP.lib ￥ﾒﾌ￥ﾯﾹ￨ﾱﾡ ../Intermediate/Build/Win64/x64/UnrealPak/Development/CorePreciseFP/UnrealPak-CorePreciseFP.exp
[207/345] Link [x64] UnrealPak-CorePreciseFP.dll [NoUba]
[208/345] Compile [x64] Module.EngineSettings.cpp [NoUba]
[209/345] Link [x64] UnrealPak-EngineSettings.lib [NoUba]
  ￦ﾭﾣ￥ﾜﾨ￥ﾈﾛ￥ﾻﾺ￥ﾺﾓ ../Intermediate/Build/Win64/x64/UnrealPak/Development/EngineSettings/UnrealPak-EngineSettings.lib ￥ﾒﾌ￥ﾯﾹ￨ﾱﾡ ../Intermediate/Build/Win64/x64/UnrealPak/Development/EngineSettings/UnrealPak-EngineSettings.exp
[210/345] Link [x64] UnrealPak-CoreUObject.dll [NoUba]
[211/345] Link [x64] UnrealPak-EngineSettings.dll [NoUba]
[212/345] Compile [x64] Module.EventLoop.cpp [NoUba]
[213/345] Link [x64] UnrealPak-EventLoop.lib [NoUba]
  ￦ﾭﾣ￥ﾜﾨ￥ﾈﾛ￥ﾻﾺ￥ﾺﾓ ../Intermediate/Build/Win64/x64/UnrealPak/Development/EventLoop/UnrealPak-EventLoop.lib ￥ﾒﾌ￥ﾯﾹ￨ﾱﾡ ../Intermediate/Build/Win64/x64/UnrealPak/Development/EventLoop/UnrealPak-EventLoop.exp
[214/345] Link [x64] UnrealPak-EventLoop.dll [NoUba]
[215/345] Link [x64] UnrealPak-HTTP.dll [NoUba]
[216/345] Compile [x64] Module.ImageWrapper.cpp [NoUba]
[217/345] Link [x64] UnrealPak-ImageWrapper.lib [NoUba]
  ￦ﾭﾣ￥ﾜﾨ￥ﾈﾛ￥ﾻﾺ￥ﾺﾓ ../Intermediate/Build/Win64/x64/UnrealPak/Development/ImageWrapper/UnrealPak-ImageWrapper.lib ￥ﾒﾌ￥ﾯﾹ￨ﾱﾡ ../Intermediate/Build/Win64/x64/UnrealPak/Development/ImageWrapper/UnrealPak-ImageWrapper.exp
[218/345] Link [x64] UnrealPak-ImageWrapper.dll [NoUba]
[219/345] Link [x64] UnrealPak-Slate.dll [NoUba]
[220/345] Compile [x64] Module.IoStoreUtilities.2.cpp [NoUba]
[221/345] Compile [x64] Module.JsonUtilities.cpp [NoUba]
[222/345] Link [x64] UnrealPak-JsonUtilities.lib [NoUba]
  ￦ﾭﾣ￥ﾜﾨ￥ﾈﾛ￥ﾻﾺ￥ﾺﾓ ../Intermediate/Build/Win64/x64/UnrealPak/Development/JsonUtilities/UnrealPak-JsonUtilities.lib ￥ﾒﾌ￥ﾯﾹ￨ﾱﾡ ../Intermediate/Build/Win64/x64/UnrealPak/Development/JsonUtilities/UnrealPak-JsonUtilities.exp
[223/345] Link [x64] UnrealPak-JsonUtilities.dll [NoUba]
[224/345] Compile [x64] Module.LArm64TPSet.cpp [NoUba]
[225/345] Link [x64] UnrealPak-LinuxArm64TargetPlatformSettings.lib [NoUba]
  ￦ﾭﾣ￥ﾜﾨ￥ﾈﾛ￥ﾻﾺ￥ﾺﾓ ../Intermediate/Build/Win64/x64/UnrealPak/Development/LinuxArm64/LArm64TPSet/UnrealPak-LinuxArm64TargetPlatformSettings.lib ￥ﾒﾌ￥ﾯﾹ￨ﾱﾡ ../Intermediate/Build/Win64/x64/UnrealPak/Development/LinuxArm64/LArm64TPSet/UnrealPak-LinuxArm64TargetPlatformSettings.exp
[226/345] Link [x64] UnrealPak-LinuxArm64TargetPlatformSettings.dll [NoUba]
[227/345] Compile [x64] Module.LauncherServices.cpp [NoUba]
[228/345] Link [x64] UnrealPak-LauncherServices.lib [NoUba]
  ￦ﾭﾣ￥ﾜﾨ￥ﾈﾛ￥ﾻﾺ￥ﾺﾓ ../Intermediate/Build/Win64/x64/UnrealPak/Development/LauncherServices/UnrealPak-LauncherServices.lib ￥ﾒﾌ￥ﾯﾹ￨ﾱﾡ ../Intermediate/Build/Win64/x64/UnrealPak/Development/LauncherServices/UnrealPak-LauncherServices.exp
[229/345] Compile [x64] Module.LinuxTPCon.cpp [NoUba]
[230/345] Link [x64] UnrealPak-LinuxTargetPlatformControls.lib [NoUba]
  ￦ﾭﾣ￥ﾜﾨ￥ﾈﾛ￥ﾻﾺ￥ﾺﾓ ../Intermediate/Build/Win64/x64/UnrealPak/Development/Linux/LinuxTPCon/UnrealPak-LinuxTargetPlatformControls.lib ￥ﾒﾌ￥ﾯﾹ￨ﾱﾡ ../Intermediate/Build/Win64/x64/UnrealPak/Development/Linux/LinuxTPCon/UnrealPak-LinuxTargetPlatformControls.exp
[231/345] Link [x64] UnrealPak-LinuxTargetPlatformControls.dll [NoUba]
[232/345] Compile [x64] Module.Nanosvg.cpp [NoUba]
[233/345] Link [x64] UnrealPak-Nanosvg.lib [NoUba]
  ￦ﾭﾣ￥ﾜﾨ￥ﾈﾛ￥ﾻﾺ￥ﾺﾓ ../Intermediate/Build/Win64/x64/UnrealPak/Development/Nanosvg/UnrealPak-Nanosvg.lib ￥ﾒﾌ￥ﾯﾹ￨ﾱﾡ ../Intermediate/Build/Win64/x64/UnrealPak/Development/Nanosvg/UnrealPak-Nanosvg.exp
[234/345] Link [x64] UnrealPak-Nanosvg.dll [NoUba]
[235/345] Link [x64] UnrealPak-SlateCore.dll [NoUba]
[236/345] Compile [x64] Module.Networking.cpp [NoUba]
[237/345] Link [x64] UnrealPak-Networking.lib [NoUba]
  ￦ﾭﾣ￥ﾜﾨ￥ﾈﾛ￥ﾻﾺ￥ﾺﾓ ../Intermediate/Build/Win64/x64/UnrealPak/Development/Networking/UnrealPak-Networking.lib ￥ﾒﾌ￥ﾯﾹ￨ﾱﾡ ../Intermediate/Build/Win64/x64/UnrealPak/Development/Networking/UnrealPak-Networking.exp
[238/345] Link [x64] UnrealPak-Networking.dll [NoUba]
[239/345] Compile [x64] Module.PIEPreviewDeviceSpecification.cpp [NoUba]
[240/345] Link [x64] UnrealPak-PIEPreviewDeviceSpecification.lib [NoUba]
  ￦ﾭﾣ￥ﾜﾨ￥ﾈﾛ￥ﾻﾺ￥ﾺﾓ ../Intermediate/Build/Win64/x64/UnrealPak/Development/PIEPreviewDeviceSpecification/UnrealPak-PIEPreviewDeviceSpecification.lib ￥ﾒﾌ￥ﾯﾹ￨ﾱﾡ ../Intermediate/Build/Win64/x64/UnrealPak/Development/PIEPreviewDeviceSpecification/UnrealPak-PIEPreviewDeviceSpecification.exp
[241/345] Link [x64] UnrealPak-AndroidDeviceDetection.dll [NoUba]
[242/345] Compile [x64] Module.IoStoreUtilities.1.cpp [NoUba]
[243/345] Link [x64] UnrealPak-IoStoreUtilities.lib [NoUba]
  ￦ﾭﾣ￥ﾜﾨ￥ﾈﾛ￥ﾻﾺ￥ﾺﾓ ../Intermediate/Build/Win64/x64/UnrealPak/Development/IoStoreUtilities/UnrealPak-IoStoreUtilities.lib ￥ﾒﾌ￥ﾯﾹ￨ﾱﾡ ../Intermediate/Build/Win64/x64/UnrealPak/Development/IoStoreUtilities/UnrealPak-IoStoreUtilities.exp
[244/345] Link [x64] UnrealPak-PIEPreviewDeviceSpecification.dll [NoUba]
[245/345] Compile [x64] Module.SandboxFile.cpp [NoUba]
[246/345] Link [x64] UnrealPak-SandboxFile.lib [NoUba]
  ￦ﾭﾣ￥ﾜﾨ￥ﾈﾛ￥ﾻﾺ￥ﾺﾓ ../Intermediate/Build/Win64/x64/UnrealPak/Development/SandboxFile/UnrealPak-SandboxFile.lib ￥ﾒﾌ￥ﾯﾹ￨ﾱﾡ ../Intermediate/Build/Win64/x64/UnrealPak/Development/SandboxFile/UnrealPak-SandboxFile.exp
[247/345] Link [x64] UnrealPak-IoStoreUtilities.dll [NoUba]
[248/345] Link [x64] UnrealPak-SandboxFile.dll [NoUba]
[249/345] Compile [x64] Module.MessageLog.cpp [NoUba]
[250/345] Link [x64] UnrealPak-MessageLog.lib [NoUba]
  ￦ﾭﾣ￥ﾜﾨ￥ﾈﾛ￥ﾻﾺ￥ﾺﾓ ../Intermediate/Build/Win64/x64/UnrealPak/Development/MessageLog/UnrealPak-MessageLog.lib ￥ﾒﾌ￥ﾯﾹ￨ﾱﾡ ../Intermediate/Build/Win64/x64/UnrealPak/Development/MessageLog/UnrealPak-MessageLog.exp
[251/345] Link [x64] UnrealPak-MessageLog.dll [NoUba]
[252/345] Compile [x64] Module.Serialization.cpp [NoUba]
[253/345] Link [x64] UnrealPak-Serialization.lib [NoUba]
  ￦ﾭﾣ￥ﾜﾨ￥ﾈﾛ￥ﾻﾺ￥ﾺﾓ ../Intermediate/Build/Win64/x64/UnrealPak/Development/Serialization/UnrealPak-Serialization.lib ￥ﾒﾌ￥ﾯﾹ￨ﾱﾡ ../Intermediate/Build/Win64/x64/UnrealPak/Development/Serialization/UnrealPak-Serialization.exp
[254/345] Compile [x64] Module.SessionMessages.cpp [NoUba]
[255/345] Link [x64] UnrealPak-SessionMessages.lib [NoUba]
  ￦ﾭﾣ￥ﾜﾨ￥ﾈﾛ￥ﾻﾺ￥ﾺﾓ ../Intermediate/Build/Win64/x64/UnrealPak/Development/SessionMessages/UnrealPak-SessionMessages.lib ￥ﾒﾌ￥ﾯﾹ￨ﾱﾡ ../Intermediate/Build/Win64/x64/UnrealPak/Development/SessionMessages/UnrealPak-SessionMessages.exp
[256/345] Link [x64] UnrealPak-Serialization.dll [NoUba]
[257/345] Link [x64] UnrealPak-SessionMessages.dll [NoUba]
[258/345] Compile [x64] Module.TextureFormat.cpp [NoUba]
[259/345] Link [x64] UnrealPak-TextureFormat.lib [NoUba]
  ￦ﾭﾣ￥ﾜﾨ￥ﾈﾛ￥ﾻﾺ￥ﾺﾓ ../Intermediate/Build/Win64/x64/UnrealPak/Development/TextureFormat/UnrealPak-TextureFormat.lib ￥ﾒﾌ￥ﾯﾹ￨ﾱﾡ ../Intermediate/Build/Win64/x64/UnrealPak/Development/TextureFormat/UnrealPak-TextureFormat.exp
[260/345] Link [x64] UnrealPak-TargetPlatform.dll [NoUba]
[261/345] Compile [x64] Module.PakFileUtilities.cpp [NoUba]
[262/345] Compile [x64] Module.StateStream.cpp [NoUba]
[263/345] Link [x64] UnrealPak-TextureFormat.dll [NoUba]
[264/345] Link [x64] UnrealPak-PakFileUtilities.lib [NoUba]
  ￦ﾭﾣ￥ﾜﾨ￥ﾈﾛ￥ﾻﾺ￥ﾺﾓ ../Intermediate/Build/Win64/x64/UnrealPak/Development/PakFileUtilities/UnrealPak-PakFileUtilities.lib ￥ﾒﾌ￥ﾯﾹ￨ﾱﾡ ../Intermediate/Build/Win64/x64/UnrealPak/Development/PakFileUtilities/UnrealPak-PakFileUtilities.exp
[265/345] Link [x64] UnrealPak-StateStream.lib [NoUba]
  ￦ﾭﾣ￥ﾜﾨ￥ﾈﾛ￥ﾻﾺ￥ﾺﾓ ../Intermediate/Build/Win64/x64/UnrealPak/Development/StateStream/UnrealPak-StateStream.lib ￥ﾒﾌ￥ﾯﾹ￨ﾱﾡ ../Intermediate/Build/Win64/x64/UnrealPak/Development/StateStream/UnrealPak-StateStream.exp
[266/345] Link [x64] UnrealPak-PakFileUtilities.dll [NoUba]
[267/345] Link [x64] UnrealPak-StateStream.dll [NoUba]
[268/345] Link [x64] UnrealPak-RenderCore.dll [NoUba]
[269/345] Compile [x64] Module.UELibSampleRate.cpp [NoUba]
[270/345] Link [x64] UnrealPak-UELibSampleRate.lib [NoUba]
  ￦ﾭﾣ￥ﾜﾨ￥ﾈﾛ￥ﾻﾺ￥ﾺﾓ ../Intermediate/Build/Win64/x64/UnrealPak/Development/UELibSampleRate/UnrealPak-UELibSampleRate.lib ￥ﾒﾌ￥ﾯﾹ￨ﾱﾡ ../Intermediate/Build/Win64/x64/UnrealPak/Development/UELibSampleRate/UnrealPak-UELibSampleRate.exp
[271/345] Link [x64] UnrealPak-AudioPlatformConfiguration.dll [NoUba]
[272/345] Link [x64] UnrealPak-UELibSampleRate.dll [NoUba]
[273/345] Compile [x64] Module.UnrealEdMessages.cpp [NoUba]
[274/345] Link [x64] UnrealPak-UnrealEdMessages.lib [NoUba]
  ￦ﾭﾣ￥ﾜﾨ￥ﾈﾛ￥ﾻﾺ￥ﾺﾓ ../Intermediate/Build/Win64/x64/UnrealPak/Development/UnrealEdMessages/UnrealPak-UnrealEdMessages.lib ￥ﾒﾌ￥ﾯﾹ￨ﾱﾡ ../Intermediate/Build/Win64/x64/UnrealPak/Development/UnrealEdMessages/UnrealPak-UnrealEdMessages.exp
[275/345] Link [x64] UnrealPak-LauncherServices.dll [NoUba]
[276/345] Link [x64] UnrealPak-UnrealEdMessages.dll [NoUba]
[277/345] Compile [x64] Module.WinTPCon.cpp [NoUba]
[278/345] Link [x64] UnrealPak-WindowsTargetPlatformControls.lib [NoUba]
  ￦ﾭﾣ￥ﾜﾨ￥ﾈﾛ￥ﾻﾺ￥ﾺﾓ ../Intermediate/Build/Win64/x64/UnrealPak/Development/WinTPCon/UnrealPak-WindowsTargetPlatformControls.lib ￥ﾒﾌ￥ﾯﾹ￨ﾱﾡ ../Intermediate/Build/Win64/x64/UnrealPak/Development/WinTPCon/UnrealPak-WindowsTargetPlatformControls.exp
[279/345] Link [x64] UnrealPak-WindowsTargetPlatformControls.dll [NoUba]
[280/345] Compile [x64] EncryptionContextOpenSSL.cpp [NoUba]
[281/345] Compile [x64] PerModuleInline.gen.cpp [NoUba]
[282/345] Compile [x64] PlatformCryptoAesDecryptorsOpenSSL.cpp [NoUba]
[283/345] Compile [x64] PlatformCryptoAesEncryptorsOpenSSL.cpp [NoUba]
[284/345] Compile [x64] PlatformCryptoContext.cpp [NoUba]
[285/345] Compile [x64] Module.ToolMenus.cpp [NoUba]
[286/345] Link [x64] UnrealPak-ToolMenus.lib [NoUba]
  ￦ﾭﾣ￥ﾜﾨ￥ﾈﾛ￥ﾻﾺ￥ﾺﾓ ../Intermediate/Build/Win64/x64/UnrealPak/Development/ToolMenus/UnrealPak-ToolMenus.lib ￥ﾒﾌ￥ﾯﾹ￨ﾱﾡ ../Intermediate/Build/Win64/x64/UnrealPak/Development/ToolMenus/UnrealPak-ToolMenus.exp
[287/345] Compile [x64] PlatformCryptoUtilsOpenSSL.cpp [NoUba]
[288/345] Link [x64] UnrealPak-PlatformCryptoContext.lib [NoUba]
  ￦ﾭﾣ￥ﾜﾨ￥ﾈﾛ￥ﾻﾺ￥ﾺﾓ ../Plugins/Experimental/PlatformCrypto/Intermediate/Build/Win64/x64/UnrealPak/Development/PlatformCryptoContext/UnrealPak-PlatformCryptoContext.lib ￥ﾒﾌ￥ﾯﾹ￨ﾱﾡ ../Plugins/Experimental/PlatformCrypto/Intermediate/Build/Win64/x64/UnrealPak/Development/PlatformCryptoContext/UnrealPak-PlatformCryptoContext.exp
[289/345] Link [x64] UnrealPak-ToolMenus.dll [NoUba]
[290/345] Link [x64] UnrealPak-PlatformCryptoContext.dll [NoUba]
[291/345] Compile [x64] Module.AndroidTargetPlatform.cpp [NoUba]
[292/345] Link [x64] UnrealPak-AndroidTargetPlatform.dll [NoUba]
[293/345] Link [x64] UnrealPak-AndroidTargetPlatform.lib [NoUba]
  ￦ﾭﾣ￥ﾜﾨ￥ﾈﾛ￥ﾻﾺ￥ﾺﾓ ../Intermediate/Build/Win64/x64/UnrealPak/Development/Android/AndroidTargetPlatform/UnrealPak-AndroidTargetPlatform.lib ￥ﾒﾌ￥ﾯﾹ￨ﾱﾡ ../Intermediate/Build/Win64/x64/UnrealPak/Development/Android/AndroidTargetPlatform/UnrealPak-AndroidTargetPlatform.exp
[294/345] Compile [x64] Module.AndTPCon.cpp [NoUba]
[295/345] Link [x64] UnrealPak-AndroidTargetPlatformControls.dll [NoUba]
[296/345] Link [x64] UnrealPak-AndroidTargetPlatformControls.lib [NoUba]
  ￦ﾭﾣ￥ﾜﾨ￥ﾈﾛ￥ﾻﾺ￥ﾺﾓ ../Intermediate/Build/Win64/x64/UnrealPak/Development/Android/AndTPCon/UnrealPak-AndroidTargetPlatformControls.lib ￥ﾒﾌ￥ﾯﾹ￨ﾱﾡ ../Intermediate/Build/Win64/x64/UnrealPak/Development/Android/AndTPCon/UnrealPak-AndroidTargetPlatformControls.exp
[297/345] Compile [x64] Module.TVOSTPSet.cpp [NoUba]
[298/345] Link [x64] UnrealPak-TVOSTargetPlatformSettings.dll [NoUba]
[299/345] Link [x64] UnrealPak-TVOSTargetPlatformSettings.lib [NoUba]
  ￦ﾭﾣ￥ﾜﾨ￥ﾈﾛ￥ﾻﾺ￥ﾺﾓ ../Intermediate/Build/Win64/x64/UnrealPak/Development/IOS/TVOSTPSet/UnrealPak-TVOSTargetPlatformSettings.lib ￥ﾒﾌ￥ﾯﾹ￨ﾱﾡ ../Intermediate/Build/Win64/x64/UnrealPak/Development/IOS/TVOSTPSet/UnrealPak-TVOSTargetPlatformSettings.exp
[300/345] Compile [x64] Module.LinuxArm64TargetPlatform.cpp [NoUba]
[301/345] Link [x64] UnrealPak-LinuxArm64TargetPlatform.dll [NoUba]
[302/345] Link [x64] UnrealPak-LinuxArm64TargetPlatform.lib [NoUba]
  ￦ﾭﾣ￥ﾜﾨ￥ﾈﾛ￥ﾻﾺ￥ﾺﾓ ../Intermediate/Build/Win64/x64/UnrealPak/Development/LinuxArm64/LinuxArm64TargetPlatform/UnrealPak-LinuxArm64TargetPlatform.lib ￥ﾒﾌ￥ﾯﾹ￨ﾱﾡ ../Intermediate/Build/Win64/x64/UnrealPak/Development/LinuxArm64/LinuxArm64TargetPlatform/UnrealPak-LinuxArm64TargetPlatform.exp
[303/345] Compile [x64] Module.LArm64TPCon.cpp [NoUba]
[304/345] Link [x64] UnrealPak-LinuxArm64TargetPlatformControls.dll [NoUba]
[305/345] Link [x64] UnrealPak-LinuxArm64TargetPlatformControls.lib [NoUba]
  ￦ﾭﾣ￥ﾜﾨ￥ﾈﾛ￥ﾻﾺ￥ﾺﾓ ../Intermediate/Build/Win64/x64/UnrealPak/Development/LinuxArm64/LArm64TPCon/UnrealPak-LinuxArm64TargetPlatformControls.lib ￥ﾒﾌ￥ﾯﾹ￨ﾱﾡ ../Intermediate/Build/Win64/x64/UnrealPak/Development/LinuxArm64/LArm64TPCon/UnrealPak-LinuxArm64TargetPlatformControls.exp
[306/345] Compile [x64] Module.LinuxTargetPlatform.cpp [NoUba]
[307/345] Link [x64] UnrealPak-LinuxTargetPlatform.dll [NoUba]
[308/345] Link [x64] UnrealPak-LinuxTargetPlatform.lib [NoUba]
  ￦ﾭﾣ￥ﾜﾨ￥ﾈﾛ￥ﾻﾺ￥ﾺﾓ ../Intermediate/Build/Win64/x64/UnrealPak/Development/Linux/LinuxTargetPlatform/UnrealPak-LinuxTargetPlatform.lib ￥ﾒﾌ￥ﾯﾹ￨ﾱﾡ ../Intermediate/Build/Win64/x64/UnrealPak/Development/Linux/LinuxTargetPlatform/UnrealPak-LinuxTargetPlatform.exp
[309/345] Compile [x64] Module.Messaging.cpp [NoUba]
[310/345] Link [x64] UnrealPak-Messaging.dll [NoUba]
[311/345] Link [x64] UnrealPak-Messaging.lib [NoUba]
  ￦ﾭﾣ￥ﾜﾨ￥ﾈﾛ￥ﾻﾺ￥ﾺﾓ ../Intermediate/Build/Win64/x64/UnrealPak/Development/Messaging/UnrealPak-Messaging.lib ￥ﾒﾌ￥ﾯﾹ￨ﾱﾡ ../Intermediate/Build/Win64/x64/UnrealPak/Development/Messaging/UnrealPak-Messaging.exp
[312/345] Copy UnrealPak-Default.rc2 [NoUba]
[313/345] Compile [x64] Module.TypedElementFramework.cpp [NoUba]
[314/345] Link [x64] UnrealPak-TypedElementFramework.lib [NoUba]
  ￦ﾭﾣ￥ﾜﾨ￥ﾈﾛ￥ﾻﾺ￥ﾺﾓ ../Intermediate/Build/Win64/x64/UnrealPak/Development/TypedElementFramework/UnrealPak-TypedElementFramework.lib ￥ﾒﾌ￥ﾯﾹ￨ﾱﾡ ../Intermediate/Build/Win64/x64/UnrealPak/Development/TypedElementFramework/UnrealPak-TypedElementFramework.exp
[315/345] Link [x64] UnrealPak-TypedElementFramework.dll [NoUba]
[316/345] Compile [x64] Module.TurnkeySupport.cpp [NoUba]
[317/345] Link [x64] UnrealPak-TurnkeySupport.dll [NoUba]
[318/345] Link [x64] UnrealPak-TurnkeySupport.lib [NoUba]
  ￦ﾭﾣ￥ﾜﾨ￥ﾈﾛ￥ﾻﾺ￥ﾺﾓ ../Intermediate/Build/Win64/x64/UnrealPak/Development/TurnkeySupport/UnrealPak-TurnkeySupport.lib ￥ﾒﾌ￥ﾯﾹ￨ﾱﾡ ../Intermediate/Build/Win64/x64/UnrealPak/Development/TurnkeySupport/UnrealPak-TurnkeySupport.exp
[319/345] Compile [x64] Module.WindowsTargetPlatform.cpp [NoUba]
[320/345] Link [x64] UnrealPak-WindowsTargetPlatform.dll [NoUba]
[321/345] Link [x64] UnrealPak-WindowsTargetPlatform.lib [NoUba]
  ￦ﾭﾣ￥ﾜﾨ￥ﾈﾛ￥ﾻﾺ￥ﾺﾓ ../Intermediate/Build/Win64/x64/UnrealPak/Development/WindowsTargetPlatform/UnrealPak-WindowsTargetPlatform.lib ￥ﾒﾌ￥ﾯﾹ￨ﾱﾡ ../Intermediate/Build/Win64/x64/UnrealPak/Development/WindowsTargetPlatform/UnrealPak-WindowsTargetPlatform.exp
[322/345] Compile [x64] Module.VisionOSTPSet.cpp [NoUba]
[323/345] Link [x64] UnrealPak-VisionOSTargetPlatformSettings.dll [NoUba]
[324/345] Link [x64] UnrealPak-VisionOSTargetPlatformSettings.lib [NoUba]
  ￦ﾭﾣ￥ﾜﾨ￥ﾈﾛ￥ﾻﾺ￥ﾺﾓ ../Platforms/VisionOS/Intermediate/Build/Win64/x64/UnrealPak/Development/IOS/VisionOSTPSet/UnrealPak-VisionOSTargetPlatformSettings.lib ￥ﾒﾌ￥ﾯﾹ￨ﾱﾡ ../Platforms/VisionOS/Intermediate/Build/Win64/x64/UnrealPak/Development/IOS/VisionOSTPSet/UnrealPak-VisionOSTargetPlatformSettings.exp
[325/345] Compile [x64] Module.Virtualization.cpp [NoUba]
[326/345] Link [x64] UnrealPak-Virtualization.dll [NoUba]
[327/345] Link [x64] UnrealPak-Virtualization.lib [NoUba]
  ￦ﾭﾣ￥ﾜﾨ￥ﾈﾛ￥ﾻﾺ￥ﾺﾓ ../Intermediate/Build/Win64/x64/UnrealPak/Development/Virtualization/UnrealPak-Virtualization.lib ￥ﾒﾌ￥ﾯﾹ￨ﾱﾡ ../Intermediate/Build/Win64/x64/UnrealPak/Development/Virtualization/UnrealPak-Virtualization.exp
[328/345] Compile [x64] Module.PlatformCrypto.cpp [NoUba]
[329/345] Link [x64] UnrealPak-PlatformCrypto.dll [NoUba]
[330/345] Link [x64] UnrealPak-PlatformCrypto.lib [NoUba]
  ￦ﾭﾣ￥ﾜﾨ￥ﾈﾛ￥ﾻﾺ￥ﾺﾓ ../Plugins/Experimental/PlatformCrypto/Intermediate/Build/Win64/x64/UnrealPak/Development/PlatformCrypto/UnrealPak-PlatformCrypto.lib ￥ﾒﾌ￥ﾯﾹ￨ﾱﾡ ../Plugins/Experimental/PlatformCrypto/Intermediate/Build/Win64/x64/UnrealPak/Development/PlatformCrypto/UnrealPak-PlatformCrypto.exp
[331/345] Compile [x64] Module.UnrealPak.cpp [NoUba]
[332/345] Link [x64] UnrealPak.lib [NoUba]
  ￦ﾭﾣ￥ﾜﾨ￥ﾈﾛ￥ﾻﾺ￥ﾺﾓ ../Intermediate/Build/Win64/x64/UnrealPak/Development/UnrealPak.lib ￥ﾒﾌ￥ﾯﾹ￨ﾱﾡ ../Intermediate/Build/Win64/x64/UnrealPak/Development/UnrealPak.exp
[333/345] Compile Resource [x64] UnrealPak-Default.rc2 [NoUba]
[334/345] Link [x64] UnrealPak.exe [NoUba]
[335/345] Copy GeometryCore.natvis [NoUba]
[336/345] Copy IrisCore.natvis [NoUba]
[337/345] Copy NNE.natvis [NoUba]
[338/345] Compile [x64] Module.TcpMessaging.cpp [NoUba]
[339/345] Link [x64] UnrealPak-TcpMessaging.lib [NoUba]
  ￦ﾭﾣ￥ﾜﾨ￥ﾈﾛ￥ﾻﾺ￥ﾺﾓ ../Plugins/Messaging/TcpMessaging/Intermediate/Build/Win64/x64/UnrealPak/Development/TcpMessaging/UnrealPak-TcpMessaging.lib ￥ﾒﾌ￥ﾯﾹ￨ﾱﾡ ../Plugins/Messaging/TcpMessaging/Intermediate/Build/Win64/x64/UnrealPak/Development/TcpMessaging/UnrealPak-TcpMessaging.exp
[340/345] Link [x64] UnrealPak-TcpMessaging.dll [NoUba]
[341/345] Compile [x64] Module.PerforceSourceControl.cpp [NoUba]
[342/345] Link [x64] UnrealPak-PerforceSourceControl.lib [NoUba]
  ￦ﾭﾣ￥ﾜﾨ￥ﾈﾛ￥ﾻﾺ￥ﾺﾓ ../Plugins/Developer/PerforceSourceControl/Intermediate/Build/Win64/x64/UnrealPak/Development/PerforceSourceControl/UnrealPak-PerforceSourceControl.lib ￥ﾒﾌ￥ﾯﾹ￨ﾱﾡ ../Plugins/Developer/PerforceSourceControl/Intermediate/Build/Win64/x64/UnrealPak/Development/PerforceSourceControl/UnrealPak-PerforceSourceControl.exp
[343/345] Link [x64] UnrealPak-PerforceSourceControl.dll [NoUba]
[344/345] WriteMetadata UnrealPak.version [NoUba]
[345/345] WriteMetadata UnrealPak.target [NoUba]

Total time in Unreal Build Accelerator local executor: 288.40 seconds
Output binary: E:\UnrealEngine\Engine\Binaries\Win64\UnrealPak.exe

Result: Succeeded
Total execution time: 291.87 seconds
Trace written to file E:\UnrealEngine\Engine\Programs\UnrealBuildTool\Trace.uba with size 74.0kb
